Archive member included to satisfy reference by file (symbol)

C:/ST/STM32CubeIDE_1.15.1/STM32CubeIDE/plugins/com.st.stm32cube.ide.mcu.externaltools.gnu-tools-for-stm32.12.3.rel1.win32_1.0.100.202403111256/tools/bin/../lib/gcc/arm-none-eabi/12.3.1/../../../../arm-none-eabi/lib/thumb/v7-m/nofp\libc_nano.a(libc_a-exit.o)
                              C:/ST/STM32CubeIDE_1.15.1/STM32CubeIDE/plugins/com.st.stm32cube.ide.mcu.externaltools.gnu-tools-for-stm32.12.3.rel1.win32_1.0.100.202403111256/tools/bin/../lib/gcc/arm-none-eabi/12.3.1/../../../../arm-none-eabi/lib/thumb/v7-m/nofp/crt0.o (exit)
C:/ST/STM32CubeIDE_1.15.1/STM32CubeIDE/plugins/com.st.stm32cube.ide.mcu.externaltools.gnu-tools-for-stm32.12.3.rel1.win32_1.0.100.202403111256/tools/bin/../lib/gcc/arm-none-eabi/12.3.1/../../../../arm-none-eabi/lib/thumb/v7-m/nofp\libc_nano.a(libc_a-findfp.o)
                              ./Middlewares/Third_Party/FreeRTOS/Source/tasks.o (__sf)
C:/ST/STM32CubeIDE_1.15.1/STM32CubeIDE/plugins/com.st.stm32cube.ide.mcu.externaltools.gnu-tools-for-stm32.12.3.rel1.win32_1.0.100.202403111256/tools/bin/../lib/gcc/arm-none-eabi/12.3.1/../../../../arm-none-eabi/lib/thumb/v7-m/nofp\libc_nano.a(libc_a-fwalk.o)
                              C:/ST/STM32CubeIDE_1.15.1/STM32CubeIDE/plugins/com.st.stm32cube.ide.mcu.externaltools.gnu-tools-for-stm32.12.3.rel1.win32_1.0.100.202403111256/tools/bin/../lib/gcc/arm-none-eabi/12.3.1/../../../../arm-none-eabi/lib/thumb/v7-m/nofp\libc_nano.a(libc_a-findfp.o) (_fwalk_sglue)
C:/ST/STM32CubeIDE_1.15.1/STM32CubeIDE/plugins/com.st.stm32cube.ide.mcu.externaltools.gnu-tools-for-stm32.12.3.rel1.win32_1.0.100.202403111256/tools/bin/../lib/gcc/arm-none-eabi/12.3.1/../../../../arm-none-eabi/lib/thumb/v7-m/nofp\libc_nano.a(libc_a-stdio.o)
                              C:/ST/STM32CubeIDE_1.15.1/STM32CubeIDE/plugins/com.st.stm32cube.ide.mcu.externaltools.gnu-tools-for-stm32.12.3.rel1.win32_1.0.100.202403111256/tools/bin/../lib/gcc/arm-none-eabi/12.3.1/../../../../arm-none-eabi/lib/thumb/v7-m/nofp\libc_nano.a(libc_a-findfp.o) (__sread)
C:/ST/STM32CubeIDE_1.15.1/STM32CubeIDE/plugins/com.st.stm32cube.ide.mcu.externaltools.gnu-tools-for-stm32.12.3.rel1.win32_1.0.100.202403111256/tools/bin/../lib/gcc/arm-none-eabi/12.3.1/../../../../arm-none-eabi/lib/thumb/v7-m/nofp\libc_nano.a(libc_a-memset.o)
                              C:/ST/STM32CubeIDE_1.15.1/STM32CubeIDE/plugins/com.st.stm32cube.ide.mcu.externaltools.gnu-tools-for-stm32.12.3.rel1.win32_1.0.100.202403111256/tools/bin/../lib/gcc/arm-none-eabi/12.3.1/../../../../arm-none-eabi/lib/thumb/v7-m/nofp/crt0.o (memset)
C:/ST/STM32CubeIDE_1.15.1/STM32CubeIDE/plugins/com.st.stm32cube.ide.mcu.externaltools.gnu-tools-for-stm32.12.3.rel1.win32_1.0.100.202403111256/tools/bin/../lib/gcc/arm-none-eabi/12.3.1/../../../../arm-none-eabi/lib/thumb/v7-m/nofp\libc_nano.a(libc_a-strncpy.o)
                              ./Core/Src/main.o (strncpy)
C:/ST/STM32CubeIDE_1.15.1/STM32CubeIDE/plugins/com.st.stm32cube.ide.mcu.externaltools.gnu-tools-for-stm32.12.3.rel1.win32_1.0.100.202403111256/tools/bin/../lib/gcc/arm-none-eabi/12.3.1/../../../../arm-none-eabi/lib/thumb/v7-m/nofp\libc_nano.a(libc_a-closer.o)
                              C:/ST/STM32CubeIDE_1.15.1/STM32CubeIDE/plugins/com.st.stm32cube.ide.mcu.externaltools.gnu-tools-for-stm32.12.3.rel1.win32_1.0.100.202403111256/tools/bin/../lib/gcc/arm-none-eabi/12.3.1/../../../../arm-none-eabi/lib/thumb/v7-m/nofp\libc_nano.a(libc_a-stdio.o) (_close_r)
C:/ST/STM32CubeIDE_1.15.1/STM32CubeIDE/plugins/com.st.stm32cube.ide.mcu.externaltools.gnu-tools-for-stm32.12.3.rel1.win32_1.0.100.202403111256/tools/bin/../lib/gcc/arm-none-eabi/12.3.1/../../../../arm-none-eabi/lib/thumb/v7-m/nofp\libc_nano.a(libc_a-reent.o)
                              ./Middlewares/Third_Party/FreeRTOS/Source/tasks.o (_reclaim_reent)
C:/ST/STM32CubeIDE_1.15.1/STM32CubeIDE/plugins/com.st.stm32cube.ide.mcu.externaltools.gnu-tools-for-stm32.12.3.rel1.win32_1.0.100.202403111256/tools/bin/../lib/gcc/arm-none-eabi/12.3.1/../../../../arm-none-eabi/lib/thumb/v7-m/nofp\libc_nano.a(libc_a-impure.o)
                              ./Middlewares/Third_Party/FreeRTOS/Source/tasks.o (_impure_ptr)
C:/ST/STM32CubeIDE_1.15.1/STM32CubeIDE/plugins/com.st.stm32cube.ide.mcu.externaltools.gnu-tools-for-stm32.12.3.rel1.win32_1.0.100.202403111256/tools/bin/../lib/gcc/arm-none-eabi/12.3.1/../../../../arm-none-eabi/lib/thumb/v7-m/nofp\libc_nano.a(libc_a-lseekr.o)
                              C:/ST/STM32CubeIDE_1.15.1/STM32CubeIDE/plugins/com.st.stm32cube.ide.mcu.externaltools.gnu-tools-for-stm32.12.3.rel1.win32_1.0.100.202403111256/tools/bin/../lib/gcc/arm-none-eabi/12.3.1/../../../../arm-none-eabi/lib/thumb/v7-m/nofp\libc_nano.a(libc_a-stdio.o) (_lseek_r)
[...]
Memory Configuration

Name             Origin             Length             Attributes
RAM              0x20000000         0x00005000         xrw
FLASH            0x08000000         0x00010000         xr
*default*        0x00000000         0xffffffff

Linker script and memory map

LOAD C:/ST/STM32CubeIDE_1.15.1/STM32CubeIDE/plugins/com.st.stm32cube.ide.mcu.externaltools.gnu-tools-for-stm32.12.3.rel1.win32_1.0.100.202403111256/tools/bin/../lib/gcc/arm-none-eabi/12.3.1/thumb/v7-m/nofp/crti.o
LOAD C:/ST/STM32CubeIDE_1.15.1/STM32CubeIDE/plugins/com.st.stm32cube.ide.mcu.externaltools.gnu-tools-for-stm32.12.3.rel1.win32_1.0.100.202403111256/tools/bin/../lib/gcc/arm-none-eabi/12.3.1/thumb/v7-m/nofp/crtbegin.o
LOAD C:/ST/STM32CubeIDE_1.15.1/STM32CubeIDE/plugins/com.st.stm32cube.ide.mcu.externaltools.gnu-tools-for-stm32.12.3.rel1.win32_1.0.100.202403111256/tools/bin/../lib/gcc/arm-none-eabi/12.3.1/../../../../arm-none-eabi/lib/thumb/v7-m/nofp/crt0.o
LOAD ./Core/Src/freertos.o
LOAD ./Core/Src/funcoes_display.o
LOAD ./Core/Src/main.o
LOAD ./Core/Src/stm32f1xx_hal_msp.o
LOAD ./Core/Src/stm32f1xx_hal_timebase_tim.o
LOAD ./Core/Src/stm32f1xx_it.o
LOAD ./Core/Src/syscalls.o
LOAD ./Core/Src/sysmem.o
LOAD ./Core/Src/system_stm32f1xx.o
LOAD ./Core/Startup/startup_stm32f103c8tx.o
LOAD ./Drivers/STM32F1xx_HAL_Driver/Src/stm32f1xx_hal.o
LOAD ./Drivers/STM32F1xx_HAL_Driver/Src/stm32f1xx_hal_adc.o
LOAD ./Drivers/STM32F1xx_HAL_Driver/Src/stm32f1xx_hal_adc_ex.o
LOAD ./Drivers/STM32F1xx_HAL_Driver/Src/stm32f1xx_hal_cortex.o
LOAD ./Drivers/STM32F1xx_HAL_Driver/Src/stm32f1xx_hal_dma.o
LOAD ./Drivers/STM32F1xx_HAL_Driver/Src/stm32f1xx_hal_exti.o
LOAD ./Drivers/STM32F1xx_HAL_Driver/Src/stm32f1xx_hal_flash.o
LOAD ./Drivers/STM32F1xx_HAL_Driver/Src/stm32f1xx_hal_flash_ex.o
LOAD ./Drivers/STM32F1xx_HAL_Driver/Src/stm32f1xx_hal_gpio.o
LOAD ./Drivers/STM32F1xx_HAL_Driver/Src/stm32f1xx_hal_gpio_ex.o
LOAD ./Drivers/STM32F1xx_HAL_Driver/Src/stm32f1xx_hal_pwr.o
LOAD ./Drivers/STM32F1xx_HAL_Driver/Src/stm32f1xx_hal_rcc.o
LOAD ./Drivers/STM32F1xx_HAL_Driver/Src/stm32f1xx_hal_rcc_ex.o
LOAD ./Drivers/STM32F1xx_HAL_Driver/Src/stm32f1xx_hal_tim.o
LOAD ./Drivers/STM32F1xx_HAL_Driver/Src/stm32f1xx_hal_tim_ex.o
LOAD ./Drivers/STM32F1xx_HAL_Driver/Src/stm32f1xx_hal_uart.o
LOAD ./Middlewares/Third_Party/FreeRTOS/Source/CMSIS_RTOS/cmsis_os.o
LOAD ./Middlewares/Third_Party/FreeRTOS/Source/croutine.o
LOAD ./Middlewares/Third_Party/FreeRTOS/Source/event_groups.o
LOAD ./Middlewares/Third_Party/FreeRTOS/Source/list.o
LOAD ./Middlewares/Third_Party/FreeRTOS/Source/queue.o
LOAD ./Middlewares/Third_Party/FreeRTOS/Source/stream_buffer.o
LOAD ./Middlewares/Third_Party/FreeRTOS/Source/tasks.o
LOAD ./Middlewares/Third_Party/FreeRTOS/Source/timers.o
LOAD ./Middlewares/Third_Party/FreeRTOS/Source/portable/GCC/ARM_CM3/port.o
LOAD ./Middlewares/Third_Party/FreeRTOS/Source/portable/MemMang/heap_4.o
START GROUP
LOAD C:/ST/STM32CubeIDE_1.15.1/STM32CubeIDE/plugins/com.st.stm32cube.ide.mcu.externaltools.gnu-tools-for-stm32.12.3.rel1.win32_1.0.100.202403111256/tools/bin/../lib/gcc/arm-none-eabi/12.3.1/../../../../arm-none-eabi/lib/thumb/v7-m/nofp\libc_nano.a
LOAD C:/ST/STM32CubeIDE_1.15.1/STM32CubeIDE/plugins/com.st.stm32cube.ide.mcu.externaltools.gnu-tools-for-stm32.12.3.rel1.win32_1.0.100.202403111256/tools/bin/../lib/gcc/arm-none-eabi/12.3.1/../../../../arm-none-eabi/lib/thumb/v7-m/nofp\libm.a
END GROUP
START GROUP
LOAD C:/ST/STM32CubeIDE_1.15.1/STM32CubeIDE/plugins/com.st.stm32cube.ide.mcu.externaltools.gnu-tools-for-stm32.12.3.rel1.win32_1.0.100.202403111256/tools/bin/../lib/gcc/arm-none-eabi/12.3.1/thumb/v7-m/nofp\libgcc.a
LOAD C:/ST/STM32CubeIDE_1.15.1/STM32CubeIDE/plugins/com.st.stm32cube.ide.mcu.externaltools.gnu-tools-for-stm32.12.3.rel1.win32_1.0.100.202403111256/tools/bin/../lib/gcc/arm-none-eabi/12.3.1/../../../../arm-none-eabi/lib/thumb/v7-m/nofp\libc_nano.a
END GROUP
START GROUP
LOAD C:/ST/STM32CubeIDE_1.15.1/STM32CubeIDE/plugins/com.st.stm32cube.ide.mcu.externaltools.gnu-tools-for-stm32.12.3.rel1.win32_1.0.100.202403111256/tools/bin/../lib/gcc/arm-none-eabi/12.3.1/thumb/v7-m/nofp\libgcc.a
LOAD C:/ST/STM32CubeIDE_1.15.1/STM32CubeIDE/plugins/com.st.stm32cube.ide.mcu.externaltools.gnu-tools-for-stm32.12.3.rel1.win32_1.0.100.202403111256/tools/bin/../lib/gcc/arm-none-eabi/12.3.1/../../../../arm-none-eabi/lib/thumb/v7-m/nofp\libc_nano.a
LOAD C:/ST/STM32CubeIDE_1.15.1/STM32CubeIDE/plugins/com.st.stm32cube.ide.mcu.externaltools.gnu-tools-for-stm32.12.3.rel1.win32_1.0.100.202403111256/tools/bin/../lib/gcc/arm-none-eabi/12.3.1/../../../../arm-none-eabi/lib/thumb/v7-m/nofp\libnosys.a
END GROUP
START GROUP
LOAD C:/ST/STM32CubeIDE_1.15.1/STM32CubeIDE/plugins/com.st.stm32cube.ide.mcu.externaltools.gnu-tools-for-stm32.12.3.rel1.win32_1.0.100.202403111256/tools/bin/../lib/gcc/arm-none-eabi/12.3.1/thumb/v7-m/nofp\libgcc.a
LOAD C:/ST/STM32CubeIDE_1.15.1/STM32CubeIDE/plugins/com.st.stm32cube.ide.mcu.externaltools.gnu-tools-for-stm32.12.3.rel1.win32_1.0.100.202403111256/tools/bin/../lib/gcc/arm-none-eabi/12.3.1/../../../../arm-none-eabi/lib/thumb/v7-m/nofp\libc_nano.a
LOAD C:/ST/STM32CubeIDE_1.15.1/STM32CubeIDE/plugins/com.st.stm32cube.ide.mcu.externaltools.gnu-tools-for-stm32.12.3.rel1.win32_1.0.100.202403111256/tools/bin/../lib/gcc/arm-none-eabi/12.3.1/../../../../arm-none-eabi/lib/thumb/v7-m/nofp\libnosys.a
END GROUP
LOAD C:/ST/STM32CubeIDE_1.15.1/STM32CubeIDE/plugins/com.st.stm32cube.ide.mcu.externaltools.gnu-tools-for-stm32.12.3.rel1.win32_1.0.100.202403111256/tools/bin/../lib/gcc/arm-none-eabi/12.3.1/thumb/v7-m/nofp/crtend.o
LOAD C:/ST/STM32CubeIDE_1.15.1/STM32CubeIDE/plugins/com.st.stm32cube.ide.mcu.externaltools.gnu-tools-for-stm32.12.3.rel1.win32_1.0.100.202403111256/tools/bin/../lib/gcc/arm-none-eabi/12.3.1/thumb/v7-m/nofp/crtn.o
                0x20005000                        _estack = (ORIGIN (RAM) + LENGTH (RAM))
                0x00000200                        _Min_Heap_Size = 0x200
                0x00000400                        _Min_Stack_Size = 0x400

.isr_vector     0x08000000      0x10c
                0x08000000                        . = ALIGN (0x4)
 *(.isr_vector)
 .isr_vector    0x08000000      0x10c ./Core/Startup/startup_stm32f103c8tx.o
                0x08000000                g_pfnVectors
                0x0800010c                        . = ALIGN (0x4)

.text           0x08000110     0x6118
                0x08000110                        . = ALIGN (0x4)
 *(.text)
 .text          0x08000110       0x40 C:/ST/STM32CubeIDE_1.15.1/STM32CubeIDE/plugins/com.st.stm32cube.ide.mcu.externaltools.gnu-tools-for-stm32.12.3.rel1.win32_1.0.100.202403111256/tools/bin/../lib/gcc/arm-none-eabi/12.3.1/thumb/v7-m/nofp/crtbegin.o
 *(.text*)
 .text.vApplicationTickHook
                0x08000150        0xc ./Core/Src/freertos.o
                0x08000150                vApplicationTickHook
 .text.vApplicationGetIdleTaskMemory
                0x0800015c       0x30 ./Core/Src/freertos.o
                0x0800015c                vApplicationGetIdleTaskMemory
 .text.conv_7_seg
                0x0800018c      0x100 ./Core/Src/funcoes_display.o
                0x0800018c                conv_7_seg
 .text.serializar
                0x0800028c       0x90 ./Core/Src/funcoes_display.o
                0x0800028c                serializar
 .text.conv_num_ASC
                0x0800031c       0x2e ./Core/Src/funcoes_display.o
                0x0800031c                conv_num_ASC
 .text.conv_ASC_num
                0x0800034a       0x2c ./Core/Src/funcoes_display.o
                0x0800034a                conv_ASC_num
 *fill*         0x08000376        0x2 
 .text.mostrar_no_display
                0x08000378      0x180 ./Core/Src/funcoes_display.o
                0x08000378                mostrar_no_display
 .text.put_Q_ISR
                0x080004f8       0x44 ./Core/Src/main.o
                0x080004f8                put_Q_ISR
 .text.put_Q    0x0800053c       0x24 ./Core/Src/main.o
                0x0800053c                put_Q
 .text.main     0x08000560      0x148 ./Core/Src/main.o
                0x08000560                main
 .text.SystemClock_Config
                0x080006a8       0xb6 ./Core/Src/main.o
                0x080006a8                SystemClock_Config
 .text.MX_NVIC_Init
                0x0800075e       0x58 ./Core/Src/main.o
 *fill*         0x080007b6        0x2 
 .text.MX_ADC1_Init
                0x080007b8       0x7c ./Core/Src/main.o
 .text.MX_USART1_UART_Init
                0x08000834       0x54 ./Core/Src/main.o
 .text.MX_GPIO_Init
                0x08000888       0xc4 ./Core/Src/main.o
 .text.HAL_ADC_ConvCpltCallback
                0x0800094c       0xf8 ./Core/Src/main.o
                0x0800094c                HAL_ADC_ConvCpltCallback
 .text.HAL_UART_RxCpltCallback
                0x08000a44      0x178 ./Core/Src/main.o
                0x08000a44                HAL_UART_RxCpltCallback
 .text.StartDefaultTask
                0x08000bbc       0x4c ./Core/Src/main.o
                0x08000bbc                StartDefaultTask
 .text.fnTask_MngLED
                0x08000c08       0xc0 ./Core/Src/main.o
                0x08000c08                fnTask_MngLED
 .text.fn_TaskDisplay
                0x08000cc8       0xe4 ./Core/Src/main.o
                0x08000cc8                fn_TaskDisplay
 .text.fn_Task_Varrer
                0x08000dac      0x1b0 ./Core/Src/main.o
                0x08000dac                fn_Task_Varrer
 .text.fn_Task_MngComns
                0x08000f5c      0x1b8 ./Core/Src/main.o
                0x08000f5c                fn_Task_MngComns
 .text.HAL_TIM_PeriodElapsedCallback
                0x08001114       0xf4 ./Core/Src/main.o
                0x08001114                HAL_TIM_PeriodElapsedCallback
 .text.Error_Handler
                0x08001208        0xc ./Core/Src/main.o
                0x08001208                Error_Handler
 .text.HAL_MspInit
                0x08001214       0x70 ./Core/Src/stm32f1xx_hal_msp.o
                0x08001214                HAL_MspInit
 .text.HAL_ADC_MspInit
                0x08001284       0x78 ./Core/Src/stm32f1xx_hal_msp.o
                0x08001284                HAL_ADC_MspInit
 .text.HAL_UART_MspInit
                0x080012fc       0x98 ./Core/Src/stm32f1xx_hal_msp.o
                0x080012fc                HAL_UART_MspInit
 .text.HAL_InitTick
                0x08001394       0xfc ./Core/Src/stm32f1xx_hal_timebase_tim.o
                0x08001394                HAL_InitTick
 .text.NMI_Handler
                0x08001490        0x8 ./Core/Src/stm32f1xx_it.o
                0x08001490                NMI_Handler
 .text.HardFault_Handler
                0x08001498        0x8 ./Core/Src/stm32f1xx_it.o
                0x08001498                HardFault_Handler
 .text.MemManage_Handler
                0x080014a0        0x8 ./Core/Src/stm32f1xx_it.o
                0x080014a0                MemManage_Handler
 .text.BusFault_Handler
                0x080014a8        0x8 ./Core/Src/stm32f1xx_it.o
                0x080014a8                BusFault_Handler
 .text.UsageFault_Handler
                0x080014b0        0x8 ./Core/Src/stm32f1xx_it.o
                0x080014b0                UsageFault_Handler
 .text.DebugMon_Handler
                0x080014b8        0xc ./Core/Src/stm32f1xx_it.o
                0x080014b8                DebugMon_Handler
 .text.EXTI1_IRQHandler
                0x080014c4       0x70 ./Core/Src/stm32f1xx_it.o
                0x080014c4                EXTI1_IRQHandler
 .text.EXTI2_IRQHandler
                0x08001534       0x34 ./Core/Src/stm32f1xx_it.o
                0x08001534                EXTI2_IRQHandler
 .text.EXTI3_IRQHandler
                0x08001568       0x34 ./Core/Src/stm32f1xx_it.o
                0x08001568                EXTI3_IRQHandler
 .text.ADC1_2_IRQHandler
                0x0800159c       0x14 ./Core/Src/stm32f1xx_it.o
                0x0800159c                ADC1_2_IRQHandler
 .text.TIM4_IRQHandler
                0x080015b0       0x14 ./Core/Src/stm32f1xx_it.o
                0x080015b0                TIM4_IRQHandler
 .text.USART1_IRQHandler
                0x080015c4       0x14 ./Core/Src/stm32f1xx_it.o
                0x080015c4                USART1_IRQHandler
 .text.insert_into_Q
                0x080015d8       0x44 ./Core/Src/stm32f1xx_it.o
                0x080015d8                insert_into_Q
 .text.SystemInit
                0x0800161c        0xc ./Core/Src/system_stm32f1xx.o
                0x0800161c                SystemInit
 .text.Reset_Handler
                0x08001628       0x48 ./Core/Startup/startup_stm32f103c8tx.o
                0x08001628                Reset_Handler
 .text.Default_Handler
                0x08001670        0x2 ./Core/Startup/startup_stm32f103c8tx.o
                0x08001670                RTC_Alarm_IRQHandler
                0x08001670                TIM1_CC_IRQHandler
                0x08001670                PVD_IRQHandler
                0x08001670                EXTI0_IRQHandler
                0x08001670                I2C2_EV_IRQHandler
                0x08001670                SPI1_IRQHandler
                0x08001670                TAMPER_IRQHandler
                0x08001670                DMA1_Channel4_IRQHandler
                0x08001670                USART3_IRQHandler
                0x08001670                RTC_IRQHandler
                0x08001670                DMA1_Channel7_IRQHandler
                0x08001670                CAN1_RX1_IRQHandler
                0x08001670                I2C1_EV_IRQHandler
                0x08001670                DMA1_Channel6_IRQHandler
                0x08001670                TIM3_IRQHandler
                0x08001670                RCC_IRQHandler
                0x08001670                TIM1_TRG_COM_IRQHandler
                0x08001670                DMA1_Channel1_IRQHandler
                0x08001670                Default_Handler
                0x08001670                EXTI15_10_IRQHandler
                0x08001670                EXTI9_5_IRQHandler
                0x08001670                SPI2_IRQHandler
                0x08001670                DMA1_Channel5_IRQHandler
                0x08001670                EXTI4_IRQHandler
                0x08001670                USB_LP_CAN1_RX0_IRQHandler
                0x08001670                USB_HP_CAN1_TX_IRQHandler
                0x08001670                DMA1_Channel3_IRQHandler
                0x08001670                TIM1_UP_IRQHandler
                0x08001670                WWDG_IRQHandler
                0x08001670                TIM2_IRQHandler
                0x08001670                TIM1_BRK_IRQHandler
                0x08001670                USART2_IRQHandler
                0x08001670                I2C2_ER_IRQHandler
                0x08001670                DMA1_Channel2_IRQHandler
                0x08001670                CAN1_SCE_IRQHandler
                0x08001670                FLASH_IRQHandler
                0x08001670                I2C1_ER_IRQHandler
                0x08001670                USBWakeUp_IRQHandler
 *fill*         0x08001672        0x2 
 .text.HAL_Init
                0x08001674       0x2c ./Drivers/STM32F1xx_HAL_Driver/Src/stm32f1xx_hal.o
                0x08001674                HAL_Init
 .text.HAL_IncTick
                0x080016a0       0x24 ./Drivers/STM32F1xx_HAL_Driver/Src/stm32f1xx_hal.o
                0x080016a0                HAL_IncTick
 .text.HAL_GetTick
                0x080016c4       0x14 ./Drivers/STM32F1xx_HAL_Driver/Src/stm32f1xx_hal.o
                0x080016c4                HAL_GetTick
 .text.HAL_ADC_Init
                0x080016d8      0x1b0 ./Drivers/STM32F1xx_HAL_Driver/Src/stm32f1xx_hal_adc.o
                0x080016d8                HAL_ADC_Init
 .text.HAL_ADC_Start_IT
                0x08001888      0x16c ./Drivers/STM32F1xx_HAL_Driver/Src/stm32f1xx_hal_adc.o
                0x08001888                HAL_ADC_Start_IT
 .text.HAL_ADC_GetValue
                0x080019f4       0x18 ./Drivers/STM32F1xx_HAL_Driver/Src/stm32f1xx_hal_adc.o
                0x080019f4                HAL_ADC_GetValue
 .text.HAL_ADC_IRQHandler
                0x08001a0c      0x186 ./Drivers/STM32F1xx_HAL_Driver/Src/stm32f1xx_hal_adc.o
                0x08001a0c                HAL_ADC_IRQHandler
 .text.HAL_ADC_LevelOutOfWindowCallback
                0x08001b92       0x12 ./Drivers/STM32F1xx_HAL_Driver/Src/stm32f1xx_hal_adc.o
                0x08001b92                HAL_ADC_LevelOutOfWindowCallback
 .text.HAL_ADC_ConfigChannel
                0x08001ba4      0x1f0 ./Drivers/STM32F1xx_HAL_Driver/Src/stm32f1xx_hal_adc.o
                0x08001ba4                HAL_ADC_ConfigChannel
 .text.ADC_Enable
                0x08001d94       0xb4 ./Drivers/STM32F1xx_HAL_Driver/Src/stm32f1xx_hal_adc.o
                0x08001d94                ADC_Enable
 .text.ADC_ConversionStop_Disable
                0x08001e48       0x82 ./Drivers/STM32F1xx_HAL_Driver/Src/stm32f1xx_hal_adc.o
                0x08001e48                ADC_ConversionStop_Disable
 .text.HAL_ADCEx_InjectedConvCpltCallback
                0x08001eca       0x12 ./Drivers/STM32F1xx_HAL_Driver/Src/stm32f1xx_hal_adc_ex.o
                0x08001eca                HAL_ADCEx_InjectedConvCpltCallback
 .text.__NVIC_SetPriorityGrouping
                0x08001edc       0x48 ./Drivers/STM32F1xx_HAL_Driver/Src/stm32f1xx_hal_cortex.o
 .text.__NVIC_GetPriorityGrouping
                0x08001f24       0x1c ./Drivers/STM32F1xx_HAL_Driver/Src/stm32f1xx_hal_cortex.o
 .text.__NVIC_EnableIRQ
                0x08001f40       0x38 ./Drivers/STM32F1xx_HAL_Driver/Src/stm32f1xx_hal_cortex.o
 .text.__NVIC_SetPriority
                0x08001f78       0x54 ./Drivers/STM32F1xx_HAL_Driver/Src/stm32f1xx_hal_cortex.o
 .text.NVIC_EncodePriority
                0x08001fcc       0x64 ./Drivers/STM32F1xx_HAL_Driver/Src/stm32f1xx_hal_cortex.o
 .text.HAL_NVIC_SetPriorityGrouping
                0x08002030       0x16 ./Drivers/STM32F1xx_HAL_Driver/Src/stm32f1xx_hal_cortex.o
                0x08002030                HAL_NVIC_SetPriorityGrouping
 .text.HAL_NVIC_SetPriority
                0x08002046       0x38 ./Drivers/STM32F1xx_HAL_Driver/Src/stm32f1xx_hal_cortex.o
                0x08002046                HAL_NVIC_SetPriority
 .text.HAL_NVIC_EnableIRQ
                0x0800207e       0x1c ./Drivers/STM32F1xx_HAL_Driver/Src/stm32f1xx_hal_cortex.o
                0x0800207e                HAL_NVIC_EnableIRQ
 .text.HAL_DMA_Abort
                0x0800209a       0x74 ./Drivers/STM32F1xx_HAL_Driver/Src/stm32f1xx_hal_dma.o
                0x0800209a                HAL_DMA_Abort
 *fill*         0x0800210e        0x2 
 .text.HAL_DMA_Abort_IT
                0x08002110       0xec ./Drivers/STM32F1xx_HAL_Driver/Src/stm32f1xx_hal_dma.o
                0x08002110                HAL_DMA_Abort_IT
 .text.HAL_GPIO_Init
                0x080021fc      0x308 ./Drivers/STM32F1xx_HAL_Driver/Src/stm32f1xx_hal_gpio.o
                0x080021fc                HAL_GPIO_Init
 .text.HAL_GPIO_WritePin
                0x08002504       0x30 ./Drivers/STM32F1xx_HAL_Driver/Src/stm32f1xx_hal_gpio.o
                0x08002504                HAL_GPIO_WritePin
 .text.HAL_GPIO_TogglePin
                0x08002534       0x32 ./Drivers/STM32F1xx_HAL_Driver/Src/stm32f1xx_hal_gpio.o
                0x08002534                HAL_GPIO_TogglePin
 *fill*         0x08002566        0x2 
 .text.HAL_GPIO_EXTI_IRQHandler
                0x08002568       0x30 ./Drivers/STM32F1xx_HAL_Driver/Src/stm32f1xx_hal_gpio.o
                0x08002568                HAL_GPIO_EXTI_IRQHandler
 .text.HAL_GPIO_EXTI_Callback
                0x08002598       0x14 ./Drivers/STM32F1xx_HAL_Driver/Src/stm32f1xx_hal_gpio.o
                0x08002598                HAL_GPIO_EXTI_Callback
 .text.HAL_RCC_OscConfig
                0x080025ac      0x504 ./Drivers/STM32F1xx_HAL_Driver/Src/stm32f1xx_hal_rcc.o
                0x080025ac                HAL_RCC_OscConfig
 .text.HAL_RCC_ClockConfig
                0x08002ab0      0x1d4 ./Drivers/STM32F1xx_HAL_Driver/Src/stm32f1xx_hal_rcc.o
                0x08002ab0                HAL_RCC_ClockConfig
 .text.HAL_RCC_GetSysClockFreq
                0x08002c84       0xbc ./Drivers/STM32F1xx_HAL_Driver/Src/stm32f1xx_hal_rcc.o
                0x08002c84                HAL_RCC_GetSysClockFreq
 .text.HAL_RCC_GetHCLKFreq
                0x08002d40       0x14 ./Drivers/STM32F1xx_HAL_Driver/Src/stm32f1xx_hal_rcc.o
                0x08002d40                HAL_RCC_GetHCLKFreq
 .text.HAL_RCC_GetPCLK1Freq
                0x08002d54       0x28 ./Drivers/STM32F1xx_HAL_Driver/Src/stm32f1xx_hal_rcc.o
                0x08002d54                HAL_RCC_GetPCLK1Freq
 .text.HAL_RCC_GetPCLK2Freq
                0x08002d7c       0x28 ./Drivers/STM32F1xx_HAL_Driver/Src/stm32f1xx_hal_rcc.o
                0x08002d7c                HAL_RCC_GetPCLK2Freq
 .text.HAL_RCC_GetClockConfig
                0x08002da4       0x60 ./Drivers/STM32F1xx_HAL_Driver/Src/stm32f1xx_hal_rcc.o
                0x08002da4                HAL_RCC_GetClockConfig
 .text.RCC_Delay
                0x08002e04       0x3c ./Drivers/STM32F1xx_HAL_Driver/Src/stm32f1xx_hal_rcc.o
 .text.HAL_RCCEx_PeriphCLKConfig
                0x08002e40      0x16c ./Drivers/STM32F1xx_HAL_Driver/Src/stm32f1xx_hal_rcc_ex.o
                0x08002e40                HAL_RCCEx_PeriphCLKConfig
 .text.HAL_TIM_Base_Init
                0x08002fac       0x9e ./Drivers/STM32F1xx_HAL_Driver/Src/stm32f1xx_hal_tim.o
                0x08002fac                HAL_TIM_Base_Init
 .text.HAL_TIM_Base_MspInit
                0x0800304a       0x12 ./Drivers/STM32F1xx_HAL_Driver/Src/stm32f1xx_hal_tim.o
                0x0800304a                HAL_TIM_Base_MspInit
 .text.HAL_TIM_Base_Start_IT
                0x0800305c       0xa4 ./Drivers/STM32F1xx_HAL_Driver/Src/stm32f1xx_hal_tim.o
                0x0800305c                HAL_TIM_Base_Start_IT
 .text.HAL_TIM_IRQHandler
                0x08003100      0x210 ./Drivers/STM32F1xx_HAL_Driver/Src/stm32f1xx_hal_tim.o
                0x08003100                HAL_TIM_IRQHandler
 .text.HAL_TIM_OC_DelayElapsedCallback
                0x08003310       0x12 ./Drivers/STM32F1xx_HAL_Driver/Src/stm32f1xx_hal_tim.o
                0x08003310                HAL_TIM_OC_DelayElapsedCallback
 .text.HAL_TIM_IC_CaptureCallback
                0x08003322       0x12 ./Drivers/STM32F1xx_HAL_Driver/Src/stm32f1xx_hal_tim.o
                0x08003322                HAL_TIM_IC_CaptureCallback
 .text.HAL_TIM_PWM_PulseFinishedCallback
                0x08003334       0x12 ./Drivers/STM32F1xx_HAL_Driver/Src/stm32f1xx_hal_tim.o
                0x08003334                HAL_TIM_PWM_PulseFinishedCallback
 .text.HAL_TIM_TriggerCallback
                0x08003346       0x12 ./Drivers/STM32F1xx_HAL_Driver/Src/stm32f1xx_hal_tim.o
                0x08003346                HAL_TIM_TriggerCallback
 .text.TIM_Base_SetConfig
                0x08003358       0xc4 ./Drivers/STM32F1xx_HAL_Driver/Src/stm32f1xx_hal_tim.o
                0x08003358                TIM_Base_SetConfig
 .text.HAL_TIMEx_CommutCallback
                0x0800341c       0x12 ./Drivers/STM32F1xx_HAL_Driver/Src/stm32f1xx_hal_tim_ex.o
                0x0800341c                HAL_TIMEx_CommutCallback
 .text.HAL_TIMEx_BreakCallback
                0x0800342e       0x12 ./Drivers/STM32F1xx_HAL_Driver/Src/stm32f1xx_hal_tim_ex.o
                0x0800342e                HAL_TIMEx_BreakCallback
 .text.HAL_UART_Init
                0x08003440       0x9a ./Drivers/STM32F1xx_HAL_Driver/Src/stm32f1xx_hal_uart.o
                0x08003440                HAL_UART_Init
 .text.HAL_UART_Transmit_IT
                0x080034da       0x88 ./Drivers/STM32F1xx_HAL_Driver/Src/stm32f1xx_hal_uart.o
                0x080034da                HAL_UART_Transmit_IT
 .text.HAL_UART_Receive_IT
                0x08003562       0x60 ./Drivers/STM32F1xx_HAL_Driver/Src/stm32f1xx_hal_uart.o
                0x08003562                HAL_UART_Receive_IT
 *fill*         0x080035c2        0x2 
 .text.HAL_UART_IRQHandler
                0x080035c4      0x354 ./Drivers/STM32F1xx_HAL_Driver/Src/stm32f1xx_hal_uart.o
                0x080035c4                HAL_UART_IRQHandler
 .text.HAL_UART_TxCpltCallback
                0x08003918       0x12 ./Drivers/STM32F1xx_HAL_Driver/Src/stm32f1xx_hal_uart.o
                0x08003918                HAL_UART_TxCpltCallback
 .text.HAL_UART_ErrorCallback
                0x0800392a       0x12 ./Drivers/STM32F1xx_HAL_Driver/Src/stm32f1xx_hal_uart.o
                0x0800392a                HAL_UART_ErrorCallback
 .text.HAL_UARTEx_RxEventCallback
                0x0800393c       0x16 ./Drivers/STM32F1xx_HAL_Driver/Src/stm32f1xx_hal_uart.o
                0x0800393c                HAL_UARTEx_RxEventCallback
 .text.HAL_UART_GetState
                0x08003952       0x3a ./Drivers/STM32F1xx_HAL_Driver/Src/stm32f1xx_hal_uart.o
                0x08003952                HAL_UART_GetState
 .text.UART_Start_Receive_IT
                0x0800398c       0x72 ./Drivers/STM32F1xx_HAL_Driver/Src/stm32f1xx_hal_uart.o
                0x0800398c                UART_Start_Receive_IT
 .text.UART_EndRxTransfer
                0x080039fe       0x58 ./Drivers/STM32F1xx_HAL_Driver/Src/stm32f1xx_hal_uart.o
 .text.UART_DMAAbortOnError
                0x08003a56       0x28 ./Drivers/STM32F1xx_HAL_Driver/Src/stm32f1xx_hal_uart.o
 .text.UART_Transmit_IT
                0x08003a7e       0x9e ./Drivers/STM32F1xx_HAL_Driver/Src/stm32f1xx_hal_uart.o
 .text.UART_EndTransmit_IT
                0x08003b1c       0x30 ./Drivers/STM32F1xx_HAL_Driver/Src/stm32f1xx_hal_uart.o
 .text.UART_Receive_IT
                0x08003b4c      0x152 ./Drivers/STM32F1xx_HAL_Driver/Src/stm32f1xx_hal_uart.o
 *fill*         0x08003c9e        0x2 
 .text.UART_SetConfig
                0x08003ca0      0x11c ./Drivers/STM32F1xx_HAL_Driver/Src/stm32f1xx_hal_uart.o
 .text.makeFreeRtosPriority
                0x08003dbc       0x2e ./Middlewares/Third_Party/FreeRTOS/Source/CMSIS_RTOS/cmsis_os.o
 .text.osKernelStart
                0x08003dea        0xe ./Middlewares/Third_Party/FreeRTOS/Source/CMSIS_RTOS/cmsis_os.o
                0x08003dea                osKernelStart
 .text.osThreadCreate
                0x08003df8       0x98 ./Middlewares/Third_Party/FreeRTOS/Source/CMSIS_RTOS/cmsis_os.o
                0x08003df8                osThreadCreate
 .text.osDelay  0x08003e90       0x28 ./Middlewares/Third_Party/FreeRTOS/Source/CMSIS_RTOS/cmsis_os.o
                0x08003e90                osDelay
 .text.osMessageCreate
                0x08003eb8       0x50 ./Middlewares/Third_Party/FreeRTOS/Source/CMSIS_RTOS/cmsis_os.o
                0x08003eb8                osMessageCreate
 .text.vListInitialise
                0x08003f08       0x3e ./Middlewares/Third_Party/FreeRTOS/Source/list.o
                0x08003f08                vListInitialise
 .text.vListInitialiseItem
                0x08003f46       0x18 ./Middlewares/Third_Party/FreeRTOS/Source/list.o
                0x08003f46                vListInitialiseItem
 .text.vListInsertEnd
                0x08003f5e       0x46 ./Middlewares/Third_Party/FreeRTOS/Source/list.o
                0x08003f5e                vListInsertEnd
 .text.vListInsert
                0x08003fa4       0x70 ./Middlewares/Third_Party/FreeRTOS/Source/list.o
                0x08003fa4                vListInsert
 .text.uxListRemove
                0x08004014       0x52 ./Middlewares/Third_Party/FreeRTOS/Source/list.o
                0x08004014                uxListRemove
 *fill*         0x08004066        0x2 
 .text.xQueueGenericReset
                0x08004068       0xd4 ./Middlewares/Third_Party/FreeRTOS/Source/queue.o
                0x08004068                xQueueGenericReset
 .text.xQueueGenericCreateStatic
                0x0800413c       0xf8 ./Middlewares/Third_Party/FreeRTOS/Source/queue.o
                0x0800413c                xQueueGenericCreateStatic
 .text.xQueueGenericCreate
                0x08004234       0x7e ./Middlewares/Third_Party/FreeRTOS/Source/queue.o
                0x08004234                xQueueGenericCreate
 .text.prvInitialiseNewQueue
                0x080042b2       0x3e ./Middlewares/Third_Party/FreeRTOS/Source/queue.o
 .text.xQueueGenericSend
                0x080042f0      0x204 ./Middlewares/Third_Party/FreeRTOS/Source/queue.o
                0x080042f0                xQueueGenericSend
 .text.xQueueGenericSendFromISR
                0x080044f4      0x136 ./Middlewares/Third_Party/FreeRTOS/Source/queue.o
                0x080044f4                xQueueGenericSendFromISR
 *fill*         0x0800462a        0x2 
 .text.xQueueReceive
                0x0800462c      0x1c4 ./Middlewares/Third_Party/FreeRTOS/Source/queue.o
                0x0800462c                xQueueReceive
 .text.uxQueueMessagesWaiting
                0x080047f0       0x3e ./Middlewares/Third_Party/FreeRTOS/Source/queue.o
                0x080047f0                uxQueueMessagesWaiting
 .text.prvCopyDataToQueue
                0x0800482e       0xd4 ./Middlewares/Third_Party/FreeRTOS/Source/queue.o
 .text.prvCopyDataFromQueue
                0x08004902       0x4c ./Middlewares/Third_Party/FreeRTOS/Source/queue.o
 .text.prvUnlockQueue
                0x0800494e       0xa4 ./Middlewares/Third_Party/FreeRTOS/Source/queue.o
 .text.prvIsQueueEmpty
                0x080049f2       0x2c ./Middlewares/Third_Party/FreeRTOS/Source/queue.o
 .text.prvIsQueueFull
                0x08004a1e       0x30 ./Middlewares/Third_Party/FreeRTOS/Source/queue.o
 .text.xTaskCreateStatic
                0x08004a4e       0xbe ./Middlewares/Third_Party/FreeRTOS/Source/tasks.o
                0x08004a4e                xTaskCreateStatic
 .text.xTaskCreate
                0x08004b0c       0x8a ./Middlewares/Third_Party/FreeRTOS/Source/tasks.o
                0x08004b0c                xTaskCreate
 *fill*         0x08004b96        0x2 
 .text.prvInitialiseNewTask
                0x08004b98      0x130 ./Middlewares/Third_Party/FreeRTOS/Source/tasks.o
 .text.prvAddNewTaskToReadyList
                0x08004cc8       0xd4 ./Middlewares/Third_Party/FreeRTOS/Source/tasks.o
 .text.vTaskDelay
                0x08004d9c       0x6c ./Middlewares/Third_Party/FreeRTOS/Source/tasks.o
                0x08004d9c                vTaskDelay
 .text.vTaskStartScheduler
                0x08004e08       0xd4 ./Middlewares/Third_Party/FreeRTOS/Source/tasks.o
                0x08004e08                vTaskStartScheduler
 .text.vTaskSuspendAll
                0x08004edc       0x1c ./Middlewares/Third_Party/FreeRTOS/Source/tasks.o
                0x08004edc                vTaskSuspendAll
 .text.xTaskResumeAll
                0x08004ef8      0x13c ./Middlewares/Third_Party/FreeRTOS/Source/tasks.o
                0x08004ef8                xTaskResumeAll
 .text.xTaskIncrementTick
                0x08005034      0x18c ./Middlewares/Third_Party/FreeRTOS/Source/tasks.o
                0x08005034                xTaskIncrementTick
 .text.vTaskSwitchContext
                0x080051c0       0xc4 ./Middlewares/Third_Party/FreeRTOS/Source/tasks.o
                0x080051c0                vTaskSwitchContext
 .text.vTaskPlaceOnEventList
                0x08005284       0x4c ./Middlewares/Third_Party/FreeRTOS/Source/tasks.o
                0x08005284                vTaskPlaceOnEventList
 .text.xTaskRemoveFromEventList
                0x080052d0       0xc8 ./Middlewares/Third_Party/FreeRTOS/Source/tasks.o
                0x080052d0                xTaskRemoveFromEventList
 .text.vTaskInternalSetTimeOutState
                0x08005398       0x2c ./Middlewares/Third_Party/FreeRTOS/Source/tasks.o
                0x08005398                vTaskInternalSetTimeOutState
 .text.xTaskCheckForTimeOut
                0x080053c4       0xc8 ./Middlewares/Third_Party/FreeRTOS/Source/tasks.o
                0x080053c4                xTaskCheckForTimeOut
 .text.vTaskMissedYield
                0x0800548c       0x18 ./Middlewares/Third_Party/FreeRTOS/Source/tasks.o
                0x0800548c                vTaskMissedYield
 .text.prvIdleTask
                0x080054a4       0x30 ./Middlewares/Third_Party/FreeRTOS/Source/tasks.o
 .text.prvInitialiseTaskLists
                0x080054d4       0x80 ./Middlewares/Third_Party/FreeRTOS/Source/tasks.o
 .text.prvCheckTasksWaitingTermination
                0x08005554       0x5c ./Middlewares/Third_Party/FreeRTOS/Source/tasks.o
 .text.prvDeleteTCB
                0x080055b0       0x6a ./Middlewares/Third_Party/FreeRTOS/Source/tasks.o
 *fill*         0x0800561a        0x2 
 .text.prvResetNextTaskUnblockTime
                0x0800561c       0x48 ./Middlewares/Third_Party/FreeRTOS/Source/tasks.o
 .text.xTaskGetSchedulerState
                0x08005664       0x3c ./Middlewares/Third_Party/FreeRTOS/Source/tasks.o
                0x08005664                xTaskGetSchedulerState
 .text.xTaskPriorityDisinherit
                0x080056a0      0x110 ./Middlewares/Third_Party/FreeRTOS/Source/tasks.o
                0x080056a0                xTaskPriorityDisinherit
 .text.prvAddCurrentTaskToDelayedList
                0x080057b0       0xcc ./Middlewares/Third_Party/FreeRTOS/Source/tasks.o
 .text.pxPortInitialiseStack
                0x0800587c       0x58 ./Middlewares/Third_Party/FreeRTOS/Source/portable/GCC/ARM_CM3/port.o
                0x0800587c                pxPortInitialiseStack
 .text.prvTaskExitError
                0x080058d4       0x58 ./Middlewares/Third_Party/FreeRTOS/Source/portable/GCC/ARM_CM3/port.o
 *fill*         0x0800592c        0x4 
 .text.SVC_Handler
                0x08005930       0x28 ./Middlewares/Third_Party/FreeRTOS/Source/portable/GCC/ARM_CM3/port.o
                0x08005930                SVC_Handler
 .text.prvPortStartFirstTask
                0x08005958       0x20 ./Middlewares/Third_Party/FreeRTOS/Source/portable/GCC/ARM_CM3/port.o
 .text.xPortStartScheduler
                0x08005978       0xe4 ./Middlewares/Third_Party/FreeRTOS/Source/portable/GCC/ARM_CM3/port.o
                0x08005978                xPortStartScheduler
 .text.vPortEnterCritical
                0x08005a5c       0x60 ./Middlewares/Third_Party/FreeRTOS/Source/portable/GCC/ARM_CM3/port.o
                0x08005a5c                vPortEnterCritical
 .text.vPortExitCritical
                0x08005abc       0x54 ./Middlewares/Third_Party/FreeRTOS/Source/portable/GCC/ARM_CM3/port.o
                0x08005abc                vPortExitCritical
 .text.PendSV_Handler
                0x08005b10       0x48 ./Middlewares/Third_Party/FreeRTOS/Source/portable/GCC/ARM_CM3/port.o
                0x08005b10                PendSV_Handler
 .text.SysTick_Handler
                0x08005b58       0x44 ./Middlewares/Third_Party/FreeRTOS/Source/portable/GCC/ARM_CM3/port.o
                0x08005b58                SysTick_Handler
 .text.vPortSetupTimerInterrupt
                0x08005b9c       0x44 ./Middlewares/Third_Party/FreeRTOS/Source/portable/GCC/ARM_CM3/port.o
                0x08005b9c                vPortSetupTimerInterrupt
 .text.vPortValidateInterruptPriority
                0x08005be0       0x80 ./Middlewares/Third_Party/FreeRTOS/Source/portable/GCC/ARM_CM3/port.o
                0x08005be0                vPortValidateInterruptPriority
 .text.pvPortMalloc
                0x08005c60      0x190 ./Middlewares/Third_Party/FreeRTOS/Source/portable/MemMang/heap_4.o
                0x08005c60                pvPortMalloc
 .text.vPortFree
                0x08005df0       0xb8 ./Middlewares/Third_Party/FreeRTOS/Source/portable/MemMang/heap_4.o
                0x08005df0                vPortFree
 .text.prvHeapInit
                0x08005ea8       0xc4 ./Middlewares/Third_Party/FreeRTOS/Source/portable/MemMang/heap_4.o
 .text.prvInsertBlockIntoFreeList
                0x08005f6c       0xb0 ./Middlewares/Third_Party/FreeRTOS/Source/portable/MemMang/heap_4.o
 .text.memset   0x0800601c       0x10 C:/ST/STM32CubeIDE_1.15.1/STM32CubeIDE/plugins/com.st.stm32cube.ide.mcu.externaltools.gnu-tools-for-stm32.12.3.rel1.win32_1.0.100.202403111256/tools/bin/../lib/gcc/arm-none-eabi/12.3.1/../../../../arm-none-eabi/lib/thumb/v7-m/nofp\libc_nano.a(libc_a-memset.o)
                0x0800601c                memset
 .text.strncpy  0x0800602c       0x26 C:/ST/STM32CubeIDE_1.15.1/STM32CubeIDE/plugins/com.st.stm32cube.ide.mcu.externaltools.gnu-tools-for-stm32.12.3.rel1.win32_1.0.100.202403111256/tools/bin/../lib/gcc/arm-none-eabi/12.3.1/../../../../arm-none-eabi/lib/thumb/v7-m/nofp\libc_nano.a(libc_a-strncpy.o)
                0x0800602c                strncpy
 *fill*         0x08006052        0x2 
 .text._reclaim_reent
                0x08006054       0xac C:/ST/STM32CubeIDE_1.15.1/STM32CubeIDE/plugins/com.st.stm32cube.ide.mcu.externaltools.gnu-tools-for-stm32.12.3.rel1.win32_1.0.100.202403111256/tools/bin/../lib/gcc/arm-none-eabi/12.3.1/../../../../arm-none-eabi/lib/thumb/v7-m/nofp\libc_nano.a(libc_a-reent.o)
                0x08006054                _reclaim_reent
 .text.__libc_init_array
                0x08006100       0x48 C:/ST/STM32CubeIDE_1.15.1/STM32CubeIDE/plugins/com.st.stm32cube.ide.mcu.externaltools.gnu-tools-for-stm32.12.3.rel1.win32_1.0.100.202403111256/tools/bin/../lib/gcc/arm-none-eabi/12.3.1/../../../../arm-none-eabi/lib/thumb/v7-m/nofp\libc_nano.a(libc_a-init.o)
                0x08006100                __libc_init_array
 .text.__retarget_lock_acquire_recursive
                0x08006148        0x2 C:/ST/STM32CubeIDE_1.15.1/STM32CubeIDE/plugins/com.st.stm32cube.ide.mcu.externaltools.gnu-tools-for-stm32.12.3.rel1.win32_1.0.100.202403111256/tools/bin/../lib/gcc/arm-none-eabi/12.3.1/../../../../arm-none-eabi/lib/thumb/v7-m/nofp\libc_nano.a(libc_a-lock.o)
                0x08006148                __retarget_lock_acquire_recursive
 .text.__retarget_lock_release_recursive
                0x0800614a        0x2 C:/ST/STM32CubeIDE_1.15.1/STM32CubeIDE/plugins/com.st.stm32cube.ide.mcu.externaltools.gnu-tools-for-stm32.12.3.rel1.win32_1.0.100.202403111256/tools/bin/../lib/gcc/arm-none-eabi/12.3.1/../../../../arm-none-eabi/lib/thumb/v7-m/nofp\libc_nano.a(libc_a-lock.o)
                0x0800614a                __retarget_lock_release_recursive
 .text.memcpy   0x0800614c       0x1c C:/ST/STM32CubeIDE_1.15.1/STM32CubeIDE/plugins/com.st.stm32cube.ide.mcu.externaltools.gnu-tools-for-stm32.12.3.rel1.win32_1.0.100.202403111256/tools/bin/../lib/gcc/arm-none-eabi/12.3.1/../../../../arm-none-eabi/lib/thumb/v7-m/nofp\libc_nano.a(libc_a-memcpy-stub.o)
                0x0800614c                memcpy
 .text._free_r  0x08006168       0x90 C:/ST/STM32CubeIDE_1.15.1/STM32CubeIDE/plugins/com.st.stm32cube.ide.mcu.externaltools.gnu-tools-for-stm32.12.3.rel1.win32_1.0.100.202403111256/tools/bin/../lib/gcc/arm-none-eabi/12.3.1/../../../../arm-none-eabi/lib/thumb/v7-m/nofp\libc_nano.a(libc_a-freer.o)
                0x08006168                _free_r
 .text.__malloc_lock
                0x080061f8        0xc C:/ST/STM32CubeIDE_1.15.1/STM32CubeIDE/plugins/com.st.stm32cube.ide.mcu.externaltools.gnu-tools-for-stm32.12.3.rel1.win32_1.0.100.202403111256/tools/bin/../lib/gcc/arm-none-eabi/12.3.1/../../../../arm-none-eabi/lib/thumb/v7-m/nofp\libc_nano.a(libc_a-mlock.o)
                0x080061f8                __malloc_lock
 .text.__malloc_unlock
                0x08006204        0xc C:/ST/STM32CubeIDE_1.15.1/STM32CubeIDE/plugins/com.st.stm32cube.ide.mcu.externaltools.gnu-tools-for-stm32.12.3.rel1.win32_1.0.100.202403111256/tools/bin/../lib/gcc/arm-none-eabi/12.3.1/../../../../arm-none-eabi/lib/thumb/v7-m/nofp\libc_nano.a(libc_a-mlock.o)
                0x08006204                __malloc_unlock
 *(.glue_7)
 .glue_7        0x08006210        0x0 linker stubs
 *(.glue_7t)
 .glue_7t       0x08006210        0x0 linker stubs
 *(.eh_frame)
 .eh_frame      0x08006210        0x0 C:/ST/STM32CubeIDE_1.15.1/STM32CubeIDE/plugins/com.st.stm32cube.ide.mcu.externaltools.gnu-tools-for-stm32.12.3.rel1.win32_1.0.100.202403111256/tools/bin/../lib/gcc/arm-none-eabi/12.3.1/thumb/v7-m/nofp/crtbegin.o
 *(.init)
 .init          0x08006210        0x4 C:/ST/STM32CubeIDE_1.15.1/STM32CubeIDE/plugins/com.st.stm32cube.ide.mcu.externaltools.gnu-tools-for-stm32.12.3.rel1.win32_1.0.100.202403111256/tools/bin/../lib/gcc/arm-none-eabi/12.3.1/thumb/v7-m/nofp/crti.o
                0x08006210                _init
 .init          0x08006214        0x8 C:/ST/STM32CubeIDE_1.15.1/STM32CubeIDE/plugins/com.st.stm32cube.ide.mcu.externaltools.gnu-tools-for-stm32.12.3.rel1.win32_1.0.100.202403111256/tools/bin/../lib/gcc/arm-none-eabi/12.3.1/thumb/v7-m/nofp/crtn.o
 *(.fini)
 .fini          0x0800621c        0x4 C:/ST/STM32CubeIDE_1.15.1/STM32CubeIDE/plugins/com.st.stm32cube.ide.mcu.externaltools.gnu-tools-for-stm32.12.3.rel1.win32_1.0.100.202403111256/tools/bin/../lib/gcc/arm-none-eabi/12.3.1/thumb/v7-m/nofp/crti.o
                0x0800621c                _fini
 .fini          0x08006220        0x8 C:/ST/STM32CubeIDE_1.15.1/STM32CubeIDE/plugins/com.st.stm32cube.ide.mcu.externaltools.gnu-tools-for-stm32.12.3.rel1.win32_1.0.100.202403111256/tools/bin/../lib/gcc/arm-none-eabi/12.3.1/thumb/v7-m/nofp/crtn.o
                0x08006228                        . = ALIGN (0x4)
                0x08006228                        _etext = .

.vfp11_veneer   0x08006228        0x0
 .vfp11_veneer  0x08006228        0x0 linker stubs

.v4_bx          0x08006228        0x0
 .v4_bx         0x08006228        0x0 linker stubs

.iplt           0x08006228        0x0
 .iplt          0x08006228        0x0 C:/ST/STM32CubeIDE_1.15.1/STM32CubeIDE/plugins/com.st.stm32cube.ide.mcu.externaltools.gnu-tools-for-stm32.12.3.rel1.win32_1.0.100.202403111256/tools/bin/../lib/gcc/arm-none-eabi/12.3.1/thumb/v7-m/nofp/crtbegin.o

.rodata         0x08006228      0x12c
                0x08006228                        . = ALIGN (0x4)
 *(.rodata)
 .rodata        0x08006228       0xfa ./Core/Src/main.o
 *fill*         0x08006322        0x2 
 .rodata        0x08006324       0x10 ./Drivers/STM32F1xx_HAL_Driver/Src/stm32f1xx_hal_rcc.o
 .rodata        0x08006334        0x5 ./Middlewares/Third_Party/FreeRTOS/Source/tasks.o
 *(.rodata*)
 *fill*         0x08006339        0x3 
 .rodata.AHBPrescTable
                0x0800633c       0x10 ./Core/Src/system_stm32f1xx.o
                0x0800633c                AHBPrescTable
 .rodata.APBPrescTable
                0x0800634c        0x8 ./Core/Src/system_stm32f1xx.o
                0x0800634c                APBPrescTable
                0x08006354                        . = ALIGN (0x4)

.ARM.extab      0x08006354        0x0
                0x08006354                        . = ALIGN (0x4)
 *(.ARM.extab* .gnu.linkonce.armextab.*)
                0x08006354                        . = ALIGN (0x4)

.ARM            0x08006354        0x0
                0x08006354                        . = ALIGN (0x4)
                0x08006354                        __exidx_start = .
 *(.ARM.exidx*)
                0x08006354                        __exidx_end = .
                0x08006354                        . = ALIGN (0x4)

.preinit_array  0x08006354        0x0
                0x08006354                        . = ALIGN (0x4)
                0x08006354                        PROVIDE (__preinit_array_start = .)
 *(.preinit_array*)
                0x08006354                        PROVIDE (__preinit_array_end = .)
                0x08006354                        . = ALIGN (0x4)

.init_array     0x08006354        0x4
                0x08006354                        . = ALIGN (0x4)
                0x08006354                        PROVIDE (__init_array_start = .)
 *(SORT_BY_NAME(.init_array.*))
 *(.init_array*)
 .init_array    0x08006354        0x4 C:/ST/STM32CubeIDE_1.15.1/STM32CubeIDE/plugins/com.st.stm32cube.ide.mcu.externaltools.gnu-tools-for-stm32.12.3.rel1.win32_1.0.100.202403111256/tools/bin/../lib/gcc/arm-none-eabi/12.3.1/thumb/v7-m/nofp/crtbegin.o
                0x08006358                        PROVIDE (__init_array_end = .)
                0x08006358                        . = ALIGN (0x4)

.fini_array     0x08006358        0x4
                0x08006358                        . = ALIGN (0x4)
                [!provide]                        PROVIDE (__fini_array_start = .)
 *(SORT_BY_NAME(.fini_array.*))
 *(.fini_array*)
 .fini_array    0x08006358        0x4 C:/ST/STM32CubeIDE_1.15.1/STM32CubeIDE/plugins/com.st.stm32cube.ide.mcu.externaltools.gnu-tools-for-stm32.12.3.rel1.win32_1.0.100.202403111256/tools/bin/../lib/gcc/arm-none-eabi/12.3.1/thumb/v7-m/nofp/crtbegin.o
                [!provide]                        PROVIDE (__fini_array_end = .)
                0x0800635c                        . = ALIGN (0x4)
                0x0800635c                        _sidata = LOADADDR (.data)

.rel.dyn        0x0800635c        0x0
 .rel.iplt      0x0800635c        0x0 C:/ST/STM32CubeIDE_1.15.1/STM32CubeIDE/plugins/com.st.stm32cube.ide.mcu.externaltools.gnu-tools-for-stm32.12.3.rel1.win32_1.0.100.202403111256/tools/bin/../lib/gcc/arm-none-eabi/12.3.1/thumb/v7-m/nofp/crtbegin.o

.data           0x20000000       0x84 load address 0x0800635c
                0x20000000                        . = ALIGN (0x4)
                0x20000000                        _sdata = .
 *(.data)
 *(.data*)
 .data.sttVARRE.0
                0x20000000        0x1 ./Core/Src/funcoes_display.o
 *fill*         0x20000001        0x3 
 .data.BufOUT   0x20000004        0x5 ./Core/Src/main.o
                0x20000004                BufOUT
 *fill*         0x20000009        0x3 
 .data.BufIN    0x2000000c        0x5 ./Core/Src/main.o
                0x2000000c                BufIN
 *fill*         0x20000011        0x3 
 .data.DspHex   0x20000014        0x4 ./Core/Src/main.o
                0x20000014                DspHex
 .data.sizeBuffs
                0x20000018        0x4 ./Core/Src/main.o
                0x20000018                sizeBuffs
 .data.modoLed  0x2000001c        0x1 ./Core/Src/main.o
                0x2000001c                modoLed
 *fill*         0x2000001d        0x3 
 .data.RA       0x20000020        0x4 ./Core/Src/main.o
                0x20000020                RA
 .data.SystemCoreClock
                0x20000024        0x4 ./Core/Src/system_stm32f1xx.o
                0x20000024                SystemCoreClock
 .data.uwTickPrio
                0x20000028        0x4 ./Drivers/STM32F1xx_HAL_Driver/Src/stm32f1xx_hal.o
                0x20000028                uwTickPrio
 .data.uwTickFreq
                0x2000002c        0x1 ./Drivers/STM32F1xx_HAL_Driver/Src/stm32f1xx_hal.o
                0x2000002c                uwTickFreq
 *fill*         0x2000002d        0x3 
 .data.uxCriticalNesting
                0x20000030        0x4 ./Middlewares/Third_Party/FreeRTOS/Source/portable/GCC/ARM_CM3/port.o
 .data._impure_ptr
                0x20000034        0x4 C:/ST/STM32CubeIDE_1.15.1/STM32CubeIDE/plugins/com.st.stm32cube.ide.mcu.externaltools.gnu-tools-for-stm32.12.3.rel1.win32_1.0.100.202403111256/tools/bin/../lib/gcc/arm-none-eabi/12.3.1/../../../../arm-none-eabi/lib/thumb/v7-m/nofp\libc_nano.a(libc_a-impure.o)
                0x20000034                _impure_ptr
 .data._impure_data
                0x20000038       0x4c C:/ST/STM32CubeIDE_1.15.1/STM32CubeIDE/plugins/com.st.stm32cube.ide.mcu.externaltools.gnu-tools-for-stm32.12.3.rel1.win32_1.0.100.202403111256/tools/bin/../lib/gcc/arm-none-eabi/12.3.1/../../../../arm-none-eabi/lib/thumb/v7-m/nofp\libc_nano.a(libc_a-impure.o)
                0x20000038                _impure_data
 *(.RamFunc)
 *(.RamFunc*)
                0x20000084                        . = ALIGN (0x4)
                0x20000084                        _edata = .

.igot.plt       0x20000084        0x0 load address 0x080063e0
 .igot.plt      0x20000084        0x0 C:/ST/STM32CubeIDE_1.15.1/STM32CubeIDE/plugins/com.st.stm32cube.ide.mcu.externaltools.gnu-tools-for-stm32.12.3.rel1.win32_1.0.100.202403111256/tools/bin/../lib/gcc/arm-none-eabi/12.3.1/thumb/v7-m/nofp/crtbegin.o
                0x20000084                        . = ALIGN (0x4)

.bss            0x20000084     0x115c load address 0x080063e0
                0x20000084                        _sbss = .
                0x20000084                        __bss_start__ = _sbss
 *(.bss)
 .bss           0x20000084       0x1c C:/ST/STM32CubeIDE_1.15.1/STM32CubeIDE/plugins/com.st.stm32cube.ide.mcu.externaltools.gnu-tools-for-stm32.12.3.rel1.win32_1.0.100.202403111256/tools/bin/../lib/gcc/arm-none-eabi/12.3.1/thumb/v7-m/nofp/crtbegin.o
 *(.bss*)
 .bss.xIdleTaskTCBBuffer
                0x200000a0       0xa0 ./Core/Src/freertos.o
 .bss.xIdleStack
                0x20000140      0x100 ./Core/Src/freertos.o
 .bss.hadc1     0x20000240       0x30 ./Core/Src/main.o
                0x20000240                hadc1
 .bss.huart1    0x20000270       0x44 ./Core/Src/main.o
                0x20000270                huart1
 .bss.defaultTaskHandle
                0x200002b4        0x4 ./Core/Src/main.o
                0x200002b4                defaultTaskHandle
 .bss.Task_MngLEDHandle
                0x200002b8        0x4 ./Core/Src/main.o
                0x200002b8                Task_MngLEDHandle
 .bss.TaskDisplayHandle
                0x200002bc        0x4 ./Core/Src/main.o
                0x200002bc                TaskDisplayHandle
 .bss.Task_VarrerHandle
                0x200002c0        0x4 ./Core/Src/main.o
                0x200002c0                Task_VarrerHandle
 .bss.Task_MngComnsHandle
                0x200002c4        0x4 ./Core/Src/main.o
                0x200002c4                Task_MngComnsHandle
 .bss.Q_ReqsHandle
                0x200002c8        0x4 ./Core/Src/main.o
                0x200002c8                Q_ReqsHandle
 .bss.Crono     0x200002cc        0x4 ./Core/Src/main.o
                0x200002cc                Crono
 .bss.ValAdc    0x200002d0        0x4 ./Core/Src/main.o
                0x200002d0                ValAdc
 .bss.CronoExt  0x200002d4        0x4 ./Core/Src/main.o
                0x200002d4                CronoExt
 .bss.ValAdcExt
                0x200002d8        0x4 ./Core/Src/main.o
                0x200002d8                ValAdcExt
 .bss.ptoDec    0x200002dc        0x1 ./Core/Src/main.o
                0x200002dc                ptoDec
 *fill*         0x200002dd        0x3 
 .bss.tinCrono  0x200002e0        0x4 ./Core/Src/main.o
                0x200002e0                tinCrono
 .bss.modoDisplay
                0x200002e4        0x1 ./Core/Src/main.o
                0x200002e4                modoDisplay
 .bss.recebendoDados
                0x200002e5        0x1 ./Core/Src/main.o
                0x200002e5                recebendoDados
 *fill*         0x200002e6        0x2 
 .bss.tADC      0x200002e8        0x4 ./Core/Src/main.o
                0x200002e8                tADC
 .bss.startTime
                0x200002ec        0x4 ./Core/Src/main.o
                0x200002ec                startTime
 .bss.startupComplete
                0x200002f0        0x1 ./Core/Src/main.o
                0x200002f0                startupComplete
 *fill*         0x200002f1        0x3 
 .bss.A1_foi_apertado
                0x200002f4        0x4 ./Core/Src/main.o
                0x200002f4                A1_foi_apertado
 .bss.xHigherPriorityTaskWoken
                0x200002f8        0x4 ./Core/Src/main.o
                0x200002f8                xHigherPriorityTaskWoken
 .bss.htim4     0x200002fc       0x48 ./Core/Src/stm32f1xx_hal_timebase_tim.o
                0x200002fc                htim4
 .bss.tIN_IRQ1  0x20000344        0x4 ./Core/Src/stm32f1xx_it.o
                0x20000344                tIN_IRQ1
 .bss.tIN_IRQ2  0x20000348        0x4 ./Core/Src/stm32f1xx_it.o
                0x20000348                tIN_IRQ2
 .bss.tIN_IRQ3  0x2000034c        0x4 ./Core/Src/stm32f1xx_it.o
                0x2000034c                tIN_IRQ3
 .bss.uwTick    0x20000350        0x4 ./Drivers/STM32F1xx_HAL_Driver/Src/stm32f1xx_hal.o
                0x20000350                uwTick
 .bss.pxCurrentTCB
                0x20000354        0x4 ./Middlewares/Third_Party/FreeRTOS/Source/tasks.o
                0x20000354                pxCurrentTCB
 .bss.pxReadyTasksLists
                0x20000358       0x8c ./Middlewares/Third_Party/FreeRTOS/Source/tasks.o
 .bss.xDelayedTaskList1
                0x200003e4       0x14 ./Middlewares/Third_Party/FreeRTOS/Source/tasks.o
 .bss.xDelayedTaskList2
                0x200003f8       0x14 ./Middlewares/Third_Party/FreeRTOS/Source/tasks.o
 .bss.pxDelayedTaskList
                0x2000040c        0x4 ./Middlewares/Third_Party/FreeRTOS/Source/tasks.o
 .bss.pxOverflowDelayedTaskList
                0x20000410        0x4 ./Middlewares/Third_Party/FreeRTOS/Source/tasks.o
 .bss.xPendingReadyList
                0x20000414       0x14 ./Middlewares/Third_Party/FreeRTOS/Source/tasks.o
 .bss.xTasksWaitingTermination
                0x20000428       0x14 ./Middlewares/Third_Party/FreeRTOS/Source/tasks.o
 .bss.uxDeletedTasksWaitingCleanUp
                0x2000043c        0x4 ./Middlewares/Third_Party/FreeRTOS/Source/tasks.o
 .bss.xSuspendedTaskList
                0x20000440       0x14 ./Middlewares/Third_Party/FreeRTOS/Source/tasks.o
 .bss.uxCurrentNumberOfTasks
                0x20000454        0x4 ./Middlewares/Third_Party/FreeRTOS/Source/tasks.o
 .bss.xTickCount
                0x20000458        0x4 ./Middlewares/Third_Party/FreeRTOS/Source/tasks.o
 .bss.uxTopReadyPriority
                0x2000045c        0x4 ./Middlewares/Third_Party/FreeRTOS/Source/tasks.o
 .bss.xSchedulerRunning
                0x20000460        0x4 ./Middlewares/Third_Party/FreeRTOS/Source/tasks.o
 .bss.uxPendedTicks
                0x20000464        0x4 ./Middlewares/Third_Party/FreeRTOS/Source/tasks.o
 .bss.xYieldPending
                0x20000468        0x4 ./Middlewares/Third_Party/FreeRTOS/Source/tasks.o
 .bss.xNumOfOverflows
                0x2000046c        0x4 ./Middlewares/Third_Party/FreeRTOS/Source/tasks.o
 .bss.uxTaskNumber
                0x20000470        0x4 ./Middlewares/Third_Party/FreeRTOS/Source/tasks.o
 .bss.xNextTaskUnblockTime
                0x20000474        0x4 ./Middlewares/Third_Party/FreeRTOS/Source/tasks.o
 .bss.xIdleTaskHandle
                0x20000478        0x4 ./Middlewares/Third_Party/FreeRTOS/Source/tasks.o
 .bss.uxSchedulerSuspended
                0x2000047c        0x4 ./Middlewares/Third_Party/FreeRTOS/Source/tasks.o
 .bss.ucMaxSysCallPriority
                0x20000480        0x1 ./Middlewares/Third_Party/FreeRTOS/Source/portable/GCC/ARM_CM3/port.o
 *fill*         0x20000481        0x3 
 .bss.ulMaxPRIGROUPValue
                0x20000484        0x4 ./Middlewares/Third_Party/FreeRTOS/Source/portable/GCC/ARM_CM3/port.o
 .bss.ucHeap    0x20000488      0xc00 ./Middlewares/Third_Party/FreeRTOS/Source/portable/MemMang/heap_4.o
 .bss.xStart    0x20001088        0x8 ./Middlewares/Third_Party/FreeRTOS/Source/portable/MemMang/heap_4.o
 .bss.pxEnd     0x20001090        0x4 ./Middlewares/Third_Party/FreeRTOS/Source/portable/MemMang/heap_4.o
 .bss.xFreeBytesRemaining
                0x20001094        0x4 ./Middlewares/Third_Party/FreeRTOS/Source/portable/MemMang/heap_4.o
 .bss.xMinimumEverFreeBytesRemaining
                0x20001098        0x4 ./Middlewares/Third_Party/FreeRTOS/Source/portable/MemMang/heap_4.o
 .bss.xBlockAllocatedBit
                0x2000109c        0x4 ./Middlewares/Third_Party/FreeRTOS/Source/portable/MemMang/heap_4.o
 .bss.__sf      0x200010a0      0x138 C:/ST/STM32CubeIDE_1.15.1/STM32CubeIDE/plugins/com.st.stm32cube.ide.mcu.externaltools.gnu-tools-for-stm32.12.3.rel1.win32_1.0.100.202403111256/tools/bin/../lib/gcc/arm-none-eabi/12.3.1/../../../../arm-none-eabi/lib/thumb/v7-m/nofp\libc_nano.a(libc_a-findfp.o)
                0x200010a0                __sf
 .bss.__lock___malloc_recursive_mutex
                0x200011d8        0x1 C:/ST/STM32CubeIDE_1.15.1/STM32CubeIDE/plugins/com.st.stm32cube.ide.mcu.externaltools.gnu-tools-for-stm32.12.3.rel1.win32_1.0.100.202403111256/tools/bin/../lib/gcc/arm-none-eabi/12.3.1/../../../../arm-none-eabi/lib/thumb/v7-m/nofp\libc_nano.a(libc_a-lock.o)
                0x200011d8                __lock___malloc_recursive_mutex
 *fill*         0x200011d9        0x3 
 .bss.__malloc_free_list
                0x200011dc        0x4 C:/ST/STM32CubeIDE_1.15.1/STM32CubeIDE/plugins/com.st.stm32cube.ide.mcu.externaltools.gnu-tools-for-stm32.12.3.rel1.win32_1.0.100.202403111256/tools/bin/../lib/gcc/arm-none-eabi/12.3.1/../../../../arm-none-eabi/lib/thumb/v7-m/nofp\libc_nano.a(libc_a-mallocr.o)
                0x200011dc                __malloc_free_list
 *(COMMON)
                0x200011e0                        . = ALIGN (0x4)
                0x200011e0                        _ebss = .
                0x200011e0                        __bss_end__ = _ebss

._user_heap_stack
                0x200011e0      0x600 load address 0x080063e0
                0x200011e0                        . = ALIGN (0x8)
                [!provide]                        PROVIDE (end = .)
                0x200011e0                        PROVIDE (_end = .)
                0x200013e0                        . = (. + _Min_Heap_Size)
 *fill*         0x200011e0      0x200 
                0x200017e0                        . = (. + _Min_Stack_Size)
 *fill*         0x200013e0      0x400 
                0x200017e0                        . = ALIGN (0x8)

/DISCARD/
 libc.a(*)
 libm.a(*)
 libgcc.a(*)

.ARM.attributes
                0x00000000       0x29
 *(.ARM.attributes)
 .ARM.attributes
                0x00000000       0x1d C:/ST/STM32CubeIDE_1.15.1/STM32CubeIDE/plugins/com.st.stm32cube.ide.mcu.externaltools.gnu-tools-for-stm32.12.3.rel1.win32_1.0.100.202403111256/tools/bin/../lib/gcc/arm-none-eabi/12.3.1/thumb/v7-m/nofp/crti.o
 .ARM.attributes
                0x0000001d       0x2d C:/ST/STM32CubeIDE_1.15.1/STM32CubeIDE/plugins/com.st.stm32cube.ide.mcu.externaltools.gnu-tools-for-stm32.12.3.rel1.win32_1.0.100.202403111256/tools/bin/../lib/gcc/arm-none-eabi/12.3.1/thumb/v7-m/nofp/crtbegin.o
 .ARM.attributes
                0x0000004a       0x2d ./Core/Src/freertos.o
 .ARM.attributes
                0x00000077       0x2d ./Core/Src/funcoes_display.o
 .ARM.attributes
                0x000000a4       0x2d ./Core/Src/main.o
 .ARM.attributes
                0x000000d1       0x2d ./Core/Src/stm32f1xx_hal_msp.o
 .ARM.attributes
                0x000000fe       0x2d ./Core/Src/stm32f1xx_hal_timebase_tim.o
 .ARM.attributes
                0x0000012b       0x2d ./Core/Src/stm32f1xx_it.o
 .ARM.attributes
                0x00000158       0x2d ./Core/Src/system_stm32f1xx.o
 .ARM.attributes
                0x00000185       0x21 ./Core/Startup/startup_stm32f103c8tx.o
 .ARM.attributes
                0x000001a6       0x2d ./Drivers/STM32F1xx_HAL_Driver/Src/stm32f1xx_hal.o
 .ARM.attributes
                0x000001d3       0x2d ./Drivers/STM32F1xx_HAL_Driver/Src/stm32f1xx_hal_adc.o
 .ARM.attributes
                0x00000200       0x2d ./Drivers/STM32F1xx_HAL_Driver/Src/stm32f1xx_hal_adc_ex.o
 .ARM.attributes
                0x0000022d       0x2d ./Drivers/STM32F1xx_HAL_Driver/Src/stm32f1xx_hal_cortex.o
 .ARM.attributes
                0x0000025a       0x2d ./Drivers/STM32F1xx_HAL_Driver/Src/stm32f1xx_hal_dma.o
 .ARM.attributes
                0x00000287       0x2d ./Drivers/STM32F1xx_HAL_Driver/Src/stm32f1xx_hal_gpio.o
 .ARM.attributes
                0x000002b4       0x2d ./Drivers/STM32F1xx_HAL_Driver/Src/stm32f1xx_hal_rcc.o
 .ARM.attributes
                0x000002e1       0x2d ./Drivers/STM32F1xx_HAL_Driver/Src/stm32f1xx_hal_rcc_ex.o
 .ARM.attributes
                0x0000030e       0x2d ./Drivers/STM32F1xx_HAL_Driver/Src/stm32f1xx_hal_tim.o
 .ARM.attributes
                0x0000033b       0x2d ./Drivers/STM32F1xx_HAL_Driver/Src/stm32f1xx_hal_tim_ex.o
 .ARM.attributes
                0x00000368       0x2d ./Drivers/STM32F1xx_HAL_Driver/Src/stm32f1xx_hal_uart.o
 .ARM.attributes
                0x00000395       0x2d ./Middlewares/Third_Party/FreeRTOS/Source/CMSIS_RTOS/cmsis_os.o
 .ARM.attributes
                0x000003c2       0x2d ./Middlewares/Third_Party/FreeRTOS/Source/list.o
 .ARM.attributes
                0x000003ef       0x2d ./Middlewares/Third_Party/FreeRTOS/Source/queue.o
 .ARM.attributes
                0x0000041c       0x2d ./Middlewares/Third_Party/FreeRTOS/Source/tasks.o
 .ARM.attributes
                0x00000449       0x2d ./Middlewares/Third_Party/FreeRTOS/Source/portable/GCC/ARM_CM3/port.o
 .ARM.attributes
                0x00000476       0x2d ./Middlewares/Third_Party/FreeRTOS/Source/portable/MemMang/heap_4.o
 .ARM.attributes
                0x000004a3       0x2d C:/ST/STM32CubeIDE_1.15.1/STM32CubeIDE/plugins/com.st.stm32cube.ide.mcu.externaltools.gnu-tools-for-stm32.12.3.rel1.win32_1.0.100.202403111256/tools/bin/../lib/gcc/arm-none-eabi/12.3.1/../../../../arm-none-eabi/lib/thumb/v7-m/nofp\libc_nano.a(libc_a-findfp.o)
 .ARM.attributes
                0x000004d0       0x2d C:/ST/STM32CubeIDE_1.15.1/STM32CubeIDE/plugins/com.st.stm32cube.ide.mcu.externaltools.gnu-tools-for-stm32.12.3.rel1.win32_1.0.100.202403111256/tools/bin/../lib/gcc/arm-none-eabi/12.3.1/../../../../arm-none-eabi/lib/thumb/v7-m/nofp\libc_nano.a(libc_a-memset.o)
 .ARM.attributes
                0x000004fd       0x2d C:/ST/STM32CubeIDE_1.15.1/STM32CubeIDE/plugins/com.st.stm32cube.ide.mcu.externaltools.gnu-tools-for-stm32.12.3.rel1.win32_1.0.100.202403111256/tools/bin/../lib/gcc/arm-none-eabi/12.3.1/../../../../arm-none-eabi/lib/thumb/v7-m/nofp\libc_nano.a(libc_a-strncpy.o)
 .ARM.attributes
                0x0000052a       0x2d C:/ST/STM32CubeIDE_1.15.1/STM32CubeIDE/plugins/com.st.stm32cube.ide.mcu.externaltools.gnu-tools-for-stm32.12.3.rel1.win32_1.0.100.202403111256/tools/bin/../lib/gcc/arm-none-eabi/12.3.1/../../../../arm-none-eabi/lib/thumb/v7-m/nofp\libc_nano.a(libc_a-reent.o)
 .ARM.attributes
                0x00000557       0x2d C:/ST/STM32CubeIDE_1.15.1/STM32CubeIDE/plugins/com.st.stm32cube.ide.mcu.externaltools.gnu-tools-for-stm32.12.3.rel1.win32_1.0.100.202403111256/tools/bin/../lib/gcc/arm-none-eabi/12.3.1/../../../../arm-none-eabi/lib/thumb/v7-m/nofp\libc_nano.a(libc_a-impure.o)
 .ARM.attributes
                0x00000584       0x2d C:/ST/STM32CubeIDE_1.15.1/STM32CubeIDE/plugins/com.st.stm32cube.ide.mcu.externaltools.gnu-tools-for-stm32.12.3.rel1.win32_1.0.100.202403111256/tools/bin/../lib/gcc/arm-none-eabi/12.3.1/../../../../arm-none-eabi/lib/thumb/v7-m/nofp\libc_nano.a(libc_a-init.o)
 .ARM.attributes
                0x000005b1       0x2d C:/ST/STM32CubeIDE_1.15.1/STM32CubeIDE/plugins/com.st.stm32cube.ide.mcu.externaltools.gnu-tools-for-stm32.12.3.rel1.win32_1.0.100.202403111256/tools/bin/../lib/gcc/arm-none-eabi/12.3.1/../../../../arm-none-eabi/lib/thumb/v7-m/nofp\libc_nano.a(libc_a-lock.o)
 .ARM.attributes
                0x000005de       0x2d C:/ST/STM32CubeIDE_1.15.1/STM32CubeIDE/plugins/com.st.stm32cube.ide.mcu.externaltools.gnu-tools-for-stm32.12.3.rel1.win32_1.0.100.202403111256/tools/bin/../lib/gcc/arm-none-eabi/12.3.1/../../../../arm-none-eabi/lib/thumb/v7-m/nofp\libc_nano.a(libc_a-memcpy-stub.o)
 .ARM.attributes
                0x0000060b       0x2d C:/ST/STM32CubeIDE_1.15.1/STM32CubeIDE/plugins/com.st.stm32cube.ide.mcu.externaltools.gnu-tools-for-stm32.12.3.rel1.win32_1.0.100.202403111256/tools/bin/../lib/gcc/arm-none-eabi/12.3.1/../../../../arm-none-eabi/lib/thumb/v7-m/nofp\libc_nano.a(libc_a-freer.o)
 .ARM.attributes
                0x00000638       0x2d C:/ST/STM32CubeIDE_1.15.1/STM32CubeIDE/plugins/com.st.stm32cube.ide.mcu.externaltools.gnu-tools-for-stm32.12.3.rel1.win32_1.0.100.202403111256/tools/bin/../lib/gcc/arm-none-eabi/12.3.1/../../../../arm-none-eabi/lib/thumb/v7-m/nofp\libc_nano.a(libc_a-mallocr.o)
 .ARM.attributes
                0x00000665       0x2d C:/ST/STM32CubeIDE_1.15.1/STM32CubeIDE/plugins/com.st.stm32cube.ide.mcu.externaltools.gnu-tools-for-stm32.12.3.rel1.win32_1.0.100.202403111256/tools/bin/../lib/gcc/arm-none-eabi/12.3.1/../../../../arm-none-eabi/lib/thumb/v7-m/nofp\libc_nano.a(libc_a-mlock.o)
 .ARM.attributes
                0x00000692       0x1d C:/ST/STM32CubeIDE_1.15.1/STM32CubeIDE/plugins/com.st.stm32cube.ide.mcu.externaltools.gnu-tools-for-stm32.12.3.rel1.win32_1.0.100.202403111256/tools/bin/../lib/gcc/arm-none-eabi/12.3.1/thumb/v7-m/nofp/crtn.o
OUTPUT(proj_final_FreeRTOS.elf elf32-littlearm)
LOAD linker stubs
LOAD C:/ST/STM32CubeIDE_1.15.1/STM32CubeIDE/plugins/com.st.stm32cube.ide.mcu.externaltools.gnu-tools-for-stm32.12.3.rel1.win32_1.0.100.202403111256/tools/bin/../lib/gcc/arm-none-eabi/12.3.1/../../../../arm-none-eabi/lib/thumb/v7-m/nofp\libc.a
LOAD C:/ST/STM32CubeIDE_1.15.1/STM32CubeIDE/plugins/com.st.stm32cube.ide.mcu.externaltools.gnu-tools-for-stm32.12.3.rel1.win32_1.0.100.202403111256/tools/bin/../lib/gcc/arm-none-eabi/12.3.1/../../../../arm-none-eabi/lib/thumb/v7-m/nofp\libm.a
LOAD C:/ST/STM32CubeIDE_1.15.1/STM32CubeIDE/plugins/com.st.stm32cube.ide.mcu.externaltools.gnu-tools-for-stm32.12.3.rel1.win32_1.0.100.202403111256/tools/bin/../lib/gcc/arm-none-eabi/12.3.1/thumb/v7-m/nofp\libgcc.a

.debug_info     0x00000000    0x14b4f
 .debug_info    0x00000000      0x92b ./Core/Src/freertos.o
 .debug_info    0x0000092b      0x28d ./Core/Src/funcoes_display.o
 .debug_info    0x00000bb8     0x23fe ./Core/Src/main.o
 .debug_info    0x00002fb6      0xbf7 ./Core/Src/stm32f1xx_hal_msp.o
 .debug_info    0x00003bad      0x9a3 ./Core/Src/stm32f1xx_hal_timebase_tim.o
 .debug_info    0x00004550      0xd2e ./Core/Src/stm32f1xx_it.o
 .debug_info    0x0000527e      0x222 ./Core/Src/system_stm32f1xx.o
 .debug_info    0x000054a0       0x30 ./Core/Startup/startup_stm32f103c8tx.o
 .debug_info    0x000054d0      0x704 ./Drivers/STM32F1xx_HAL_Driver/Src/stm32f1xx_hal.o
 .debug_info    0x00005bd4      0xc2d ./Drivers/STM32F1xx_HAL_Driver/Src/stm32f1xx_hal_adc.o
 .debug_info    0x00006801      0xa0b ./Drivers/STM32F1xx_HAL_Driver/Src/stm32f1xx_hal_adc_ex.o
 .debug_info    0x0000720c      0xa87 ./Drivers/STM32F1xx_HAL_Driver/Src/stm32f1xx_hal_cortex.o
 .debug_info    0x00007c93      0x6cd ./Drivers/STM32F1xx_HAL_Driver/Src/stm32f1xx_hal_dma.o
 .debug_info    0x00008360      0x5ab ./Drivers/STM32F1xx_HAL_Driver/Src/stm32f1xx_hal_gpio.o
 .debug_info    0x0000890b      0x7e9 ./Drivers/STM32F1xx_HAL_Driver/Src/stm32f1xx_hal_rcc.o
 .debug_info    0x000090f4      0x3b0 ./Drivers/STM32F1xx_HAL_Driver/Src/stm32f1xx_hal_rcc_ex.o
 .debug_info    0x000094a4     0x2789 ./Drivers/STM32F1xx_HAL_Driver/Src/stm32f1xx_hal_tim.o
 .debug_info    0x0000bc2d     0x13f1 ./Drivers/STM32F1xx_HAL_Driver/Src/stm32f1xx_hal_tim_ex.o
 .debug_info    0x0000d01e     0x1493 ./Drivers/STM32F1xx_HAL_Driver/Src/stm32f1xx_hal_uart.o
 .debug_info    0x0000e4b1     0x21bf ./Middlewares/Third_Party/FreeRTOS/Source/CMSIS_RTOS/cmsis_os.o
 .debug_info    0x00010670      0x2aa ./Middlewares/Third_Party/FreeRTOS/Source/list.o
 .debug_info    0x0001091a     0x1722 ./Middlewares/Third_Party/FreeRTOS/Source/queue.o
 .debug_info    0x0001203c     0x22bc ./Middlewares/Third_Party/FreeRTOS/Source/tasks.o
 .debug_info    0x000142f8      0x494 ./Middlewares/Third_Party/FreeRTOS/Source/portable/GCC/ARM_CM3/port.o
 .debug_info    0x0001478c      0x3c3 ./Middlewares/Third_Party/FreeRTOS/Source/portable/MemMang/heap_4.o

.debug_abbrev   0x00000000     0x37c5
 .debug_abbrev  0x00000000      0x189 ./Core/Src/freertos.o
 .debug_abbrev  0x00000189      0x150 ./Core/Src/funcoes_display.o
 .debug_abbrev  0x000002d9      0x390 ./Core/Src/main.o
 .debug_abbrev  0x00000669      0x1c3 ./Core/Src/stm32f1xx_hal_msp.o
 .debug_abbrev  0x0000082c      0x1f3 ./Core/Src/stm32f1xx_hal_timebase_tim.o
 .debug_abbrev  0x00000a1f      0x23e ./Core/Src/stm32f1xx_it.o
 .debug_abbrev  0x00000c5d      0x13f ./Core/Src/system_stm32f1xx.o
 .debug_abbrev  0x00000d9c       0x24 ./Core/Startup/startup_stm32f103c8tx.o
 .debug_abbrev  0x00000dc0      0x201 ./Drivers/STM32F1xx_HAL_Driver/Src/stm32f1xx_hal.o
 .debug_abbrev  0x00000fc1      0x225 ./Drivers/STM32F1xx_HAL_Driver/Src/stm32f1xx_hal_adc.o
 .debug_abbrev  0x000011e6      0x249 ./Drivers/STM32F1xx_HAL_Driver/Src/stm32f1xx_hal_adc_ex.o
 .debug_abbrev  0x0000142f      0x2f8 ./Drivers/STM32F1xx_HAL_Driver/Src/stm32f1xx_hal_cortex.o
 .debug_abbrev  0x00001727      0x20b ./Drivers/STM32F1xx_HAL_Driver/Src/stm32f1xx_hal_dma.o
 .debug_abbrev  0x00001932      0x1ca ./Drivers/STM32F1xx_HAL_Driver/Src/stm32f1xx_hal_gpio.o
 .debug_abbrev  0x00001afc      0x2b1 ./Drivers/STM32F1xx_HAL_Driver/Src/stm32f1xx_hal_rcc.o
 .debug_abbrev  0x00001dad      0x188 ./Drivers/STM32F1xx_HAL_Driver/Src/stm32f1xx_hal_rcc_ex.o
 .debug_abbrev  0x00001f35      0x270 ./Drivers/STM32F1xx_HAL_Driver/Src/stm32f1xx_hal_tim.o
 .debug_abbrev  0x000021a5      0x27b ./Drivers/STM32F1xx_HAL_Driver/Src/stm32f1xx_hal_tim_ex.o
 .debug_abbrev  0x00002420      0x28d ./Drivers/STM32F1xx_HAL_Driver/Src/stm32f1xx_hal_uart.o
 .debug_abbrev  0x000026ad      0x416 ./Middlewares/Third_Party/FreeRTOS/Source/CMSIS_RTOS/cmsis_os.o
 .debug_abbrev  0x00002ac3       0xf5 ./Middlewares/Third_Party/FreeRTOS/Source/list.o
 .debug_abbrev  0x00002bb8      0x3cd ./Middlewares/Third_Party/FreeRTOS/Source/queue.o
 .debug_abbrev  0x00002f85      0x3e3 ./Middlewares/Third_Party/FreeRTOS/Source/tasks.o
 .debug_abbrev  0x00003368      0x258 ./Middlewares/Third_Party/FreeRTOS/Source/portable/GCC/ARM_CM3/port.o
 .debug_abbrev  0x000035c0      0x205 ./Middlewares/Third_Party/FreeRTOS/Source/portable/MemMang/heap_4.o

.debug_aranges  0x00000000     0x13f8
 .debug_aranges
                0x00000000       0x28 ./Core/Src/freertos.o
 .debug_aranges
                0x00000028       0x40 ./Core/Src/funcoes_display.o
 .debug_aranges
                0x00000068       0xa0 ./Core/Src/main.o
 .debug_aranges
                0x00000108       0x40 ./Core/Src/stm32f1xx_hal_msp.o
 .debug_aranges
                0x00000148       0x30 ./Core/Src/stm32f1xx_hal_timebase_tim.o
 .debug_aranges
                0x00000178       0x80 ./Core/Src/stm32f1xx_it.o
 .debug_aranges
                0x000001f8       0x28 ./Core/Src/system_stm32f1xx.o
 .debug_aranges
                0x00000220       0x28 ./Core/Startup/startup_stm32f103c8tx.o
 .debug_aranges
                0x00000248       0xe0 ./Drivers/STM32F1xx_HAL_Driver/Src/stm32f1xx_hal.o
 .debug_aranges
                0x00000328       0xf0 ./Drivers/STM32F1xx_HAL_Driver/Src/stm32f1xx_hal_adc.o
 .debug_aranges
                0x00000418       0x80 ./Drivers/STM32F1xx_HAL_Driver/Src/stm32f1xx_hal_adc_ex.o
 .debug_aranges
                0x00000498      0x100 ./Drivers/STM32F1xx_HAL_Driver/Src/stm32f1xx_hal_cortex.o
 .debug_aranges
                0x00000598       0x80 ./Drivers/STM32F1xx_HAL_Driver/Src/stm32f1xx_hal_dma.o
 .debug_aranges
                0x00000618       0x58 ./Drivers/STM32F1xx_HAL_Driver/Src/stm32f1xx_hal_gpio.o
 .debug_aranges
                0x00000670       0x90 ./Drivers/STM32F1xx_HAL_Driver/Src/stm32f1xx_hal_rcc.o
 .debug_aranges
                0x00000700       0x30 ./Drivers/STM32F1xx_HAL_Driver/Src/stm32f1xx_hal_rcc_ex.o
 .debug_aranges
                0x00000730      0x3d0 ./Drivers/STM32F1xx_HAL_Driver/Src/stm32f1xx_hal_tim.o
 .debug_aranges
                0x00000b00      0x168 ./Drivers/STM32F1xx_HAL_Driver/Src/stm32f1xx_hal_tim_ex.o
 .debug_aranges
                0x00000c68      0x200 ./Drivers/STM32F1xx_HAL_Driver/Src/stm32f1xx_hal_uart.o
 .debug_aranges
                0x00000e68      0x1d8 ./Middlewares/Third_Party/FreeRTOS/Source/CMSIS_RTOS/cmsis_os.o
 .debug_aranges
                0x00001040       0x40 ./Middlewares/Third_Party/FreeRTOS/Source/list.o
 .debug_aranges
                0x00001080      0x108 ./Middlewares/Third_Party/FreeRTOS/Source/queue.o
 .debug_aranges
                0x00001188      0x1a8 ./Middlewares/Third_Party/FreeRTOS/Source/tasks.o
 .debug_aranges
                0x00001330       0x78 ./Middlewares/Third_Party/FreeRTOS/Source/portable/GCC/ARM_CM3/port.o
 .debug_aranges
                0x000013a8       0x50 ./Middlewares/Third_Party/FreeRTOS/Source/portable/MemMang/heap_4.o

.debug_rnglists
                0x00000000      0xf87
 .debug_rnglists
                0x00000000       0x19 ./Core/Src/freertos.o
 .debug_rnglists
                0x00000019       0x2e ./Core/Src/funcoes_display.o
 .debug_rnglists
                0x00000047       0x7d ./Core/Src/main.o
 .debug_rnglists
                0x000000c4       0x2c ./Core/Src/stm32f1xx_hal_msp.o
 .debug_rnglists
                0x000000f0       0x20 ./Core/Src/stm32f1xx_hal_timebase_tim.o
 .debug_rnglists
                0x00000110       0x5b ./Core/Src/stm32f1xx_it.o
 .debug_rnglists
                0x0000016b       0x1a ./Core/Src/system_stm32f1xx.o
 .debug_rnglists
                0x00000185       0x19 ./Core/Startup/startup_stm32f103c8tx.o
 .debug_rnglists
                0x0000019e       0xa3 ./Drivers/STM32F1xx_HAL_Driver/Src/stm32f1xx_hal.o
 .debug_rnglists
                0x00000241       0xbc ./Drivers/STM32F1xx_HAL_Driver/Src/stm32f1xx_hal_adc.o
 .debug_rnglists
                0x000002fd       0x65 ./Drivers/STM32F1xx_HAL_Driver/Src/stm32f1xx_hal_adc_ex.o
 .debug_rnglists
                0x00000362       0xbb ./Drivers/STM32F1xx_HAL_Driver/Src/stm32f1xx_hal_cortex.o
 .debug_rnglists
                0x0000041d       0x64 ./Drivers/STM32F1xx_HAL_Driver/Src/stm32f1xx_hal_dma.o
 .debug_rnglists
                0x00000481       0x3f ./Drivers/STM32F1xx_HAL_Driver/Src/stm32f1xx_hal_gpio.o
 .debug_rnglists
                0x000004c0       0x6c ./Drivers/STM32F1xx_HAL_Driver/Src/stm32f1xx_hal_rcc.o
 .debug_rnglists
                0x0000052c       0x21 ./Drivers/STM32F1xx_HAL_Driver/Src/stm32f1xx_hal_rcc_ex.o
 .debug_rnglists
                0x0000054d      0x31a ./Drivers/STM32F1xx_HAL_Driver/Src/stm32f1xx_hal_tim.o
 .debug_rnglists
                0x00000867      0x125 ./Drivers/STM32F1xx_HAL_Driver/Src/stm32f1xx_hal_tim_ex.o
 .debug_rnglists
                0x0000098c      0x1b4 ./Drivers/STM32F1xx_HAL_Driver/Src/stm32f1xx_hal_uart.o
 .debug_rnglists
                0x00000b40      0x16a ./Middlewares/Third_Party/FreeRTOS/Source/CMSIS_RTOS/cmsis_os.o
 .debug_rnglists
                0x00000caa       0x2b ./Middlewares/Third_Party/FreeRTOS/Source/list.o
 .debug_rnglists
                0x00000cd5       0xcd ./Middlewares/Third_Party/FreeRTOS/Source/queue.o
 .debug_rnglists
                0x00000da2      0x153 ./Middlewares/Third_Party/FreeRTOS/Source/tasks.o
 .debug_rnglists
                0x00000ef5       0x57 ./Middlewares/Third_Party/FreeRTOS/Source/portable/GCC/ARM_CM3/port.o
 .debug_rnglists
                0x00000f4c       0x3b ./Middlewares/Third_Party/FreeRTOS/Source/portable/MemMang/heap_4.o

.debug_macro    0x00000000    0x1ae44
 .debug_macro   0x00000000      0x413 ./Core/Src/freertos.o
 .debug_macro   0x00000413      0xaa8 ./Core/Src/freertos.o
 .debug_macro   0x00000ebb      0x189 ./Core/Src/freertos.o
 .debug_macro   0x00001044       0x22 ./Core/Src/freertos.o
 .debug_macro   0x00001066       0x8e ./Core/Src/freertos.o
 .debug_macro   0x000010f4       0x51 ./Core/Src/freertos.o
 .debug_macro   0x00001145      0x103 ./Core/Src/freertos.o
 .debug_macro   0x00001248       0x6a ./Core/Src/freertos.o
 .debug_macro   0x000012b2      0x1df ./Core/Src/freertos.o
 .debug_macro   0x00001491       0xdc ./Core/Src/freertos.o
 .debug_macro   0x0000156d      0x15a ./Core/Src/freertos.o
 .debug_macro   0x000016c7       0xd7 ./Core/Src/freertos.o
 .debug_macro   0x0000179e       0x10 ./Core/Src/freertos.o
 .debug_macro   0x000017ae       0x1f ./Core/Src/freertos.o
 .debug_macro   0x000017cd       0x61 ./Core/Src/freertos.o
 .debug_macro   0x0000182e       0x24 ./Core/Src/freertos.o
 .debug_macro   0x00001852       0x43 ./Core/Src/freertos.o
 .debug_macro   0x00001895       0x34 ./Core/Src/freertos.o
 .debug_macro   0x000018c9       0x16 ./Core/Src/freertos.o
 .debug_macro   0x000018df       0x43 ./Core/Src/freertos.o
 .debug_macro   0x00001922       0x34 ./Core/Src/freertos.o
 .debug_macro   0x00001956       0x10 ./Core/Src/freertos.o
 .debug_macro   0x00001966       0x58 ./Core/Src/freertos.o
 .debug_macro   0x000019be       0x8e ./Core/Src/freertos.o
 .debug_macro   0x00001a4c       0x1c ./Core/Src/freertos.o
 .debug_macro   0x00001a68      0x177 ./Core/Src/freertos.o
 .debug_macro   0x00001bdf       0x10 ./Core/Src/freertos.o
 .debug_macro   0x00001bef       0x35 ./Core/Src/freertos.o
 .debug_macro   0x00001c24      0x4b1 ./Core/Src/freertos.o
 .debug_macro   0x000020d5       0xb5 ./Core/Src/freertos.o
 .debug_macro   0x0000218a       0x8c ./Core/Src/freertos.o
 .debug_macro   0x00002216      0x221 ./Core/Src/freertos.o
 .debug_macro   0x00002437       0x2e ./Core/Src/freertos.o
 .debug_macro   0x00002465       0x22 ./Core/Src/freertos.o
 .debug_macro   0x00002487       0x1c ./Core/Src/freertos.o
 .debug_macro   0x000024a3       0x22 ./Core/Src/freertos.o
 .debug_macro   0x000024c5       0xbd ./Core/Src/freertos.o
 .debug_macro   0x00002582      0xd23 ./Core/Src/freertos.o
 .debug_macro   0x000032a5     0xe09e ./Core/Src/freertos.o
 .debug_macro   0x00011343       0x6d ./Core/Src/freertos.o
 .debug_macro   0x000113b0     0x3468 ./Core/Src/freertos.o
 .debug_macro   0x00014818       0x5c ./Core/Src/freertos.o
 .debug_macro   0x00014874      0x5be ./Core/Src/freertos.o
 .debug_macro   0x00014e32      0x289 ./Core/Src/freertos.o
 .debug_macro   0x000150bb      0x1cb ./Core/Src/freertos.o
 .debug_macro   0x00015286      0x114 ./Core/Src/freertos.o
 .debug_macro   0x0001539a      0x1b2 ./Core/Src/freertos.o
 .debug_macro   0x0001554c       0x27 ./Core/Src/freertos.o
 .debug_macro   0x00015573      0x136 ./Core/Src/freertos.o
 .debug_macro   0x000156a9      0x1bc ./Core/Src/freertos.o
 .debug_macro   0x00015865       0x34 ./Core/Src/freertos.o
 .debug_macro   0x00015899       0x3c ./Core/Src/freertos.o
 .debug_macro   0x000158d5       0x57 ./Core/Src/freertos.o
 .debug_macro   0x0001592c      0x46a ./Core/Src/freertos.o
 .debug_macro   0x00015d96      0x1b5 ./Core/Src/freertos.o
 .debug_macro   0x00015f4b       0x88 ./Core/Src/freertos.o
 .debug_macro   0x00015fd3      0x241 ./Core/Src/freertos.o
 .debug_macro   0x00016214      0x141 ./Core/Src/freertos.o
 .debug_macro   0x00016355      0x8d1 ./Core/Src/freertos.o
 .debug_macro   0x00016c26      0x279 ./Core/Src/freertos.o
 .debug_macro   0x00016e9f       0x83 ./Core/Src/freertos.o
 .debug_macro   0x00016f22      0x369 ./Core/Src/freertos.o
 .debug_macro   0x0001728b       0x10 ./Core/Src/freertos.o
 .debug_macro   0x0001729b       0x20 ./Core/Src/freertos.o
 .debug_macro   0x000172bb       0x16 ./Core/Src/freertos.o
 .debug_macro   0x000172d1       0x10 ./Core/Src/freertos.o
 .debug_macro   0x000172e1       0x10 ./Core/Src/freertos.o
 .debug_macro   0x000172f1       0x10 ./Core/Src/freertos.o
 .debug_macro   0x00017301       0x1c ./Core/Src/freertos.o
 .debug_macro   0x0001731d       0x52 ./Core/Src/freertos.o
 .debug_macro   0x0001736f       0x22 ./Core/Src/freertos.o
 .debug_macro   0x00017391       0x10 ./Core/Src/freertos.o
 .debug_macro   0x000173a1       0x52 ./Core/Src/freertos.o
 .debug_macro   0x000173f3       0xcf ./Core/Src/freertos.o
 .debug_macro   0x000174c2       0x1c ./Core/Src/freertos.o
 .debug_macro   0x000174de       0x3d ./Core/Src/freertos.o
 .debug_macro   0x0001751b       0x35 ./Core/Src/freertos.o
 .debug_macro   0x00017550       0x91 ./Core/Src/freertos.o
 .debug_macro   0x000175e1       0x8d ./Core/Src/freertos.o
 .debug_macro   0x0001766e       0x7e ./Core/Src/freertos.o
 .debug_macro   0x000176ec       0x19 ./Core/Src/freertos.o
 .debug_macro   0x00017705       0xf2 ./Core/Src/freertos.o
 .debug_macro   0x000177f7       0x10 ./Core/Src/freertos.o
 .debug_macro   0x00017807       0xe9 ./Core/Src/freertos.o
 .debug_macro   0x000178f0      0x40d ./Core/Src/funcoes_display.o
 .debug_macro   0x00017cfd       0xdc ./Core/Src/funcoes_display.o
 .debug_macro   0x00017dd9       0x16 ./Core/Src/funcoes_display.o
 .debug_macro   0x00017def      0x411 ./Core/Src/main.o
 .debug_macro   0x00018200      0x40d ./Core/Src/stm32f1xx_hal_msp.o
 .debug_macro   0x0001860d      0x1b7 ./Core/Src/stm32f1xx_hal_timebase_tim.o
 .debug_macro   0x000187c4      0x41b ./Core/Src/stm32f1xx_it.o
 .debug_macro   0x00018bdf      0x1b7 ./Core/Src/system_stm32f1xx.o
 .debug_macro   0x00018d96      0x1db ./Drivers/STM32F1xx_HAL_Driver/Src/stm32f1xx_hal.o
 .debug_macro   0x00018f71      0x1d4 ./Drivers/STM32F1xx_HAL_Driver/Src/stm32f1xx_hal_adc.o
 .debug_macro   0x00019145      0x1c9 ./Drivers/STM32F1xx_HAL_Driver/Src/stm32f1xx_hal_adc_ex.o
 .debug_macro   0x0001930e      0x1b7 ./Drivers/STM32F1xx_HAL_Driver/Src/stm32f1xx_hal_cortex.o
 .debug_macro   0x000194c5      0x1b7 ./Drivers/STM32F1xx_HAL_Driver/Src/stm32f1xx_hal_dma.o
 .debug_macro   0x0001967c      0x222 ./Drivers/STM32F1xx_HAL_Driver/Src/stm32f1xx_hal_gpio.o
 .debug_macro   0x0001989e      0x1c9 ./Drivers/STM32F1xx_HAL_Driver/Src/stm32f1xx_hal_rcc.o
 .debug_macro   0x00019a67      0x1b7 ./Drivers/STM32F1xx_HAL_Driver/Src/stm32f1xx_hal_rcc_ex.o
 .debug_macro   0x00019c1e      0x1b8 ./Drivers/STM32F1xx_HAL_Driver/Src/stm32f1xx_hal_tim.o
 .debug_macro   0x00019dd6      0x1b7 ./Drivers/STM32F1xx_HAL_Driver/Src/stm32f1xx_hal_tim_ex.o
 .debug_macro   0x00019f8d      0x1b8 ./Drivers/STM32F1xx_HAL_Driver/Src/stm32f1xx_hal_uart.o
 .debug_macro   0x0001a145      0x210 ./Middlewares/Third_Party/FreeRTOS/Source/CMSIS_RTOS/cmsis_os.o
 .debug_macro   0x0001a355       0xab ./Middlewares/Third_Party/FreeRTOS/Source/CMSIS_RTOS/cmsis_os.o
 .debug_macro   0x0001a400      0x199 ./Middlewares/Third_Party/FreeRTOS/Source/list.o
 .debug_macro   0x0001a599      0x224 ./Middlewares/Third_Party/FreeRTOS/Source/queue.o
 .debug_macro   0x0001a7bd       0x16 ./Middlewares/Third_Party/FreeRTOS/Source/queue.o
 .debug_macro   0x0001a7d3      0x292 ./Middlewares/Third_Party/FreeRTOS/Source/tasks.o
 .debug_macro   0x0001aa65       0x10 ./Middlewares/Third_Party/FreeRTOS/Source/tasks.o
 .debug_macro   0x0001aa75      0x20f ./Middlewares/Third_Party/FreeRTOS/Source/portable/GCC/ARM_CM3/port.o
 .debug_macro   0x0001ac84      0x1c0 ./Middlewares/Third_Party/FreeRTOS/Source/portable/MemMang/heap_4.o

.debug_line     0x00000000    0x17647
 .debug_line    0x00000000      0xae7 ./Core/Src/freertos.o
 .debug_line    0x00000ae7      0xd0a ./Core/Src/funcoes_display.o
 .debug_line    0x000017f1     0x1089 ./Core/Src/main.o
 .debug_line    0x0000287a      0xb75 ./Core/Src/stm32f1xx_hal_msp.o
 .debug_line    0x000033ef      0x7b0 ./Core/Src/stm32f1xx_hal_timebase_tim.o
 .debug_line    0x00003b9f      0xc51 ./Core/Src/stm32f1xx_it.o
 .debug_line    0x000047f0      0x7b4 ./Core/Src/system_stm32f1xx.o
 .debug_line    0x00004fa4       0x79 ./Core/Startup/startup_stm32f103c8tx.o
 .debug_line    0x0000501d      0x9e1 ./Drivers/STM32F1xx_HAL_Driver/Src/stm32f1xx_hal.o
 .debug_line    0x000059fe     0x1050 ./Drivers/STM32F1xx_HAL_Driver/Src/stm32f1xx_hal_adc.o
 .debug_line    0x00006a4e      0xd94 ./Drivers/STM32F1xx_HAL_Driver/Src/stm32f1xx_hal_adc_ex.o
 .debug_line    0x000077e2      0xbcd ./Drivers/STM32F1xx_HAL_Driver/Src/stm32f1xx_hal_cortex.o
 .debug_line    0x000083af      0xe39 ./Drivers/STM32F1xx_HAL_Driver/Src/stm32f1xx_hal_dma.o
 .debug_line    0x000091e8      0xa78 ./Drivers/STM32F1xx_HAL_Driver/Src/stm32f1xx_hal_gpio.o
 .debug_line    0x00009c60      0xdec ./Drivers/STM32F1xx_HAL_Driver/Src/stm32f1xx_hal_rcc.o
 .debug_line    0x0000aa4c      0x930 ./Drivers/STM32F1xx_HAL_Driver/Src/stm32f1xx_hal_rcc_ex.o
 .debug_line    0x0000b37c     0x33b5 ./Drivers/STM32F1xx_HAL_Driver/Src/stm32f1xx_hal_tim.o
 .debug_line    0x0000e731     0x1909 ./Drivers/STM32F1xx_HAL_Driver/Src/stm32f1xx_hal_tim_ex.o
 .debug_line    0x0001003a     0x1ad4 ./Drivers/STM32F1xx_HAL_Driver/Src/stm32f1xx_hal_uart.o
 .debug_line    0x00011b0e     0x1270 ./Middlewares/Third_Party/FreeRTOS/Source/CMSIS_RTOS/cmsis_os.o
 .debug_line    0x00012d7e      0x7a0 ./Middlewares/Third_Party/FreeRTOS/Source/list.o
 .debug_line    0x0001351e     0x151d ./Middlewares/Third_Party/FreeRTOS/Source/queue.o
 .debug_line    0x00014a3b     0x1998 ./Middlewares/Third_Party/FreeRTOS/Source/tasks.o
 .debug_line    0x000163d3      0x90f ./Middlewares/Third_Party/FreeRTOS/Source/portable/GCC/ARM_CM3/port.o
 .debug_line    0x00016ce2      0x965 ./Middlewares/Third_Party/FreeRTOS/Source/portable/MemMang/heap_4.o

.debug_str      0x00000000    0x9877c
 .debug_str     0x00000000    0x91811 ./Core/Src/freertos.o
                              0x91bc2 (size before relaxing)
 .debug_str     0x00091811       0xed ./Core/Src/funcoes_display.o
                              0x91818 (size before relaxing)
 .debug_str     0x000918fe     0x1372 ./Core/Src/main.o
                              0x930dd (size before relaxing)
 .debug_str     0x00092c70       0xc4 ./Core/Src/stm32f1xx_hal_msp.o
                              0x92078 (size before relaxing)
 .debug_str     0x00092d34      0x107 ./Core/Src/stm32f1xx_hal_timebase_tim.o
                              0x886ee (size before relaxing)
 .debug_str     0x00092e3b      0x163 ./Core/Src/stm32f1xx_it.o
                              0x9217f (size before relaxing)
 .debug_str     0x00092f9e       0x7e ./Core/Src/system_stm32f1xx.o
                              0x87e26 (size before relaxing)
 .debug_str     0x0009301c       0x44 ./Core/Startup/startup_stm32f103c8tx.o
                                 0x8b (size before relaxing)
 .debug_str     0x00093060      0x33e ./Drivers/STM32F1xx_HAL_Driver/Src/stm32f1xx_hal.o
                              0x88559 (size before relaxing)
 .debug_str     0x0009339e      0x343 ./Drivers/STM32F1xx_HAL_Driver/Src/stm32f1xx_hal_adc.o
                              0x88503 (size before relaxing)
 .debug_str     0x000936e1      0x2d8 ./Drivers/STM32F1xx_HAL_Driver/Src/stm32f1xx_hal_adc_ex.o
                              0x884da (size before relaxing)
 .debug_str     0x000939b9      0x28b ./Drivers/STM32F1xx_HAL_Driver/Src/stm32f1xx_hal_cortex.o
                              0x884a5 (size before relaxing)
 .debug_str     0x00093c44      0x216 ./Drivers/STM32F1xx_HAL_Driver/Src/stm32f1xx_hal_dma.o
                              0x881cf (size before relaxing)
 .debug_str     0x00093e5a      0x2b5 ./Drivers/STM32F1xx_HAL_Driver/Src/stm32f1xx_hal_gpio.o
                              0x881ac (size before relaxing)
 .debug_str     0x0009410f      0x1f3 ./Drivers/STM32F1xx_HAL_Driver/Src/stm32f1xx_hal_rcc.o
                              0x88255 (size before relaxing)
 .debug_str     0x00094302       0x84 ./Drivers/STM32F1xx_HAL_Driver/Src/stm32f1xx_hal_rcc_ex.o
                              0x87fa5 (size before relaxing)
 .debug_str     0x00094386      0xe2e ./Drivers/STM32F1xx_HAL_Driver/Src/stm32f1xx_hal_tim.o
                              0x89240 (size before relaxing)
 .debug_str     0x000951b4      0x503 ./Drivers/STM32F1xx_HAL_Driver/Src/stm32f1xx_hal_tim_ex.o
                              0x88a5c (size before relaxing)
 .debug_str     0x000956b7      0x578 ./Drivers/STM32F1xx_HAL_Driver/Src/stm32f1xx_hal_uart.o
                              0x88860 (size before relaxing)
 .debug_str     0x00095c2f      0x915 ./Middlewares/Third_Party/FreeRTOS/Source/CMSIS_RTOS/cmsis_os.o
                               0xe4c0 (size before relaxing)
 .debug_str     0x00096544      0x21b ./Middlewares/Third_Party/FreeRTOS/Source/list.o
                               0xa7b7 (size before relaxing)
 .debug_str     0x0009675f      0x7a1 ./Middlewares/Third_Party/FreeRTOS/Source/queue.o
                               0xc005 (size before relaxing)
 .debug_str     0x00096f00      0xfcb ./Middlewares/Third_Party/FreeRTOS/Source/tasks.o
                               0xce0d (size before relaxing)
 .debug_str     0x00097ecb      0x66e ./Middlewares/Third_Party/FreeRTOS/Source/portable/GCC/ARM_CM3/port.o
                               0x9d86 (size before relaxing)
 .debug_str     0x00098539      0x243 ./Middlewares/Third_Party/FreeRTOS/Source/portable/MemMang/heap_4.o
                               0xaf04 (size before relaxing)

.comment        0x00000000       0x43
 .comment       0x00000000       0x43 ./Core/Src/freertos.o
                                 0x44 (size before relaxing)
 .comment       0x00000043       0x44 ./Core/Src/funcoes_display.o
 .comment       0x00000043       0x44 ./Core/Src/main.o
 .comment       0x00000043       0x44 ./Core/Src/stm32f1xx_hal_msp.o
 .comment       0x00000043       0x44 ./Core/Src/stm32f1xx_hal_timebase_tim.o
 .comment       0x00000043       0x44 ./Core/Src/stm32f1xx_it.o
 .comment       0x00000043       0x44 ./Core/Src/system_stm32f1xx.o
 .comment       0x00000043       0x44 ./Drivers/STM32F1xx_HAL_Driver/Src/stm32f1xx_hal.o
 .comment       0x00000043       0x44 ./Drivers/STM32F1xx_HAL_Driver/Src/stm32f1xx_hal_adc.o
 .comment       0x00000043       0x44 ./Drivers/STM32F1xx_HAL_Driver/Src/stm32f1xx_hal_adc_ex.o
 .comment       0x00000043       0x44 ./Drivers/STM32F1xx_HAL_Driver/Src/stm32f1xx_hal_cortex.o
 .comment       0x00000043       0x44 ./Drivers/STM32F1xx_HAL_Driver/Src/stm32f1xx_hal_dma.o
 .comment       0x00000043       0x44 ./Drivers/STM32F1xx_HAL_Driver/Src/stm32f1xx_hal_gpio.o
 .comment       0x00000043       0x44 ./Drivers/STM32F1xx_HAL_Driver/Src/stm32f1xx_hal_rcc.o
 .comment       0x00000043       0x44 ./Drivers/STM32F1xx_HAL_Driver/Src/stm32f1xx_hal_rcc_ex.o
 .comment       0x00000043       0x44 ./Drivers/STM32F1xx_HAL_Driver/Src/stm32f1xx_hal_tim.o
 .comment       0x00000043       0x44 ./Drivers/STM32F1xx_HAL_Driver/Src/stm32f1xx_hal_tim_ex.o
 .comment       0x00000043       0x44 ./Drivers/STM32F1xx_HAL_Driver/Src/stm32f1xx_hal_uart.o
 .comment       0x00000043       0x44 ./Middlewares/Third_Party/FreeRTOS/Source/CMSIS_RTOS/cmsis_os.o
 .comment       0x00000043       0x44 ./Middlewares/Third_Party/FreeRTOS/Source/list.o
 .comment       0x00000043       0x44 ./Middlewares/Third_Party/FreeRTOS/Source/queue.o
 .comment       0x00000043       0x44 ./Middlewares/Third_Party/FreeRTOS/Source/tasks.o
 .comment       0x00000043       0x44 ./Middlewares/Third_Party/FreeRTOS/Source/portable/GCC/ARM_CM3/port.o
 .comment       0x00000043       0x44 ./Middlewares/Third_Party/FreeRTOS/Source/portable/MemMang/heap_4.o

.debug_frame    0x00000000     0x5578
 .debug_frame   0x00000000       0x58 ./Core/Src/freertos.o
 .debug_frame   0x00000058       0xd4 ./Core/Src/funcoes_display.o
 .debug_frame   0x0000012c      0x244 ./Core/Src/main.o
 .debug_frame   0x00000370       0xc4 ./Core/Src/stm32f1xx_hal_msp.o
 .debug_frame   0x00000434       0x74 ./Core/Src/stm32f1xx_hal_timebase_tim.o
 .debug_frame   0x000004a8      0x174 ./Core/Src/stm32f1xx_it.o
 .debug_frame   0x0000061c       0x58 ./Core/Src/system_stm32f1xx.o
 .debug_frame   0x00000674      0x334 ./Drivers/STM32F1xx_HAL_Driver/Src/stm32f1xx_hal.o
 .debug_frame   0x000009a8      0x40c ./Drivers/STM32F1xx_HAL_Driver/Src/stm32f1xx_hal_adc.o
 .debug_frame   0x00000db4      0x200 ./Drivers/STM32F1xx_HAL_Driver/Src/stm32f1xx_hal_adc_ex.o
 .debug_frame   0x00000fb4      0x428 ./Drivers/STM32F1xx_HAL_Driver/Src/stm32f1xx_hal_cortex.o
 .debug_frame   0x000013dc      0x208 ./Drivers/STM32F1xx_HAL_Driver/Src/stm32f1xx_hal_dma.o
 .debug_frame   0x000015e4      0x14c ./Drivers/STM32F1xx_HAL_Driver/Src/stm32f1xx_hal_gpio.o
 .debug_frame   0x00001730      0x21c ./Drivers/STM32F1xx_HAL_Driver/Src/stm32f1xx_hal_rcc.o
 .debug_frame   0x0000194c       0x84 ./Drivers/STM32F1xx_HAL_Driver/Src/stm32f1xx_hal_rcc_ex.o
 .debug_frame   0x000019d0     0x11b8 ./Drivers/STM32F1xx_HAL_Driver/Src/stm32f1xx_hal_tim.o
 .debug_frame   0x00002b88      0x638 ./Drivers/STM32F1xx_HAL_Driver/Src/stm32f1xx_hal_tim_ex.o
 .debug_frame   0x000031c0      0x914 ./Drivers/STM32F1xx_HAL_Driver/Src/stm32f1xx_hal_uart.o
 .debug_frame   0x00003ad4      0x80c ./Middlewares/Third_Party/FreeRTOS/Source/CMSIS_RTOS/cmsis_os.o
 .debug_frame   0x000042e0       0xd8 ./Middlewares/Third_Party/FreeRTOS/Source/list.o
 .debug_frame   0x000043b8      0x46c ./Middlewares/Third_Party/FreeRTOS/Source/queue.o
 .debug_frame   0x00004824      0x734 ./Middlewares/Third_Party/FreeRTOS/Source/tasks.o
 .debug_frame   0x00004f58      0x198 ./Middlewares/Third_Party/FreeRTOS/Source/portable/GCC/ARM_CM3/port.o
 .debug_frame   0x000050f0      0x108 ./Middlewares/Third_Party/FreeRTOS/Source/portable/MemMang/heap_4.o
 .debug_frame   0x000051f8      0x144 C:/ST/STM32CubeIDE_1.15.1/STM32CubeIDE/plugins/com.st.stm32cube.ide.mcu.externaltools.gnu-tools-for-stm32.12.3.rel1.win32_1.0.100.202403111256/tools/bin/../lib/gcc/arm-none-eabi/12.3.1/../../../../arm-none-eabi/lib/thumb/v7-m/nofp\libc_nano.a(libc_a-findfp.o)
 .debug_frame   0x0000533c       0x20 C:/ST/STM32CubeIDE_1.15.1/STM32CubeIDE/plugins/com.st.stm32cube.ide.mcu.externaltools.gnu-tools-for-stm32.12.3.rel1.win32_1.0.100.202403111256/tools/bin/../lib/gcc/arm-none-eabi/12.3.1/../../../../arm-none-eabi/lib/thumb/v7-m/nofp\libc_nano.a(libc_a-memset.o)
 .debug_frame   0x0000535c       0x28 C:/ST/STM32CubeIDE_1.15.1/STM32CubeIDE/plugins/com.st.stm32cube.ide.mcu.externaltools.gnu-tools-for-stm32.12.3.rel1.win32_1.0.100.202403111256/tools/bin/../lib/gcc/arm-none-eabi/12.3.1/../../../../arm-none-eabi/lib/thumb/v7-m/nofp\libc_nano.a(libc_a-strncpy.o)
 .debug_frame   0x00005384       0x38 C:/ST/STM32CubeIDE_1.15.1/STM32CubeIDE/plugins/com.st.stm32cube.ide.mcu.externaltools.gnu-tools-for-stm32.12.3.rel1.win32_1.0.100.202403111256/tools/bin/../lib/gcc/arm-none-eabi/12.3.1/../../../../arm-none-eabi/lib/thumb/v7-m/nofp\libc_nano.a(libc_a-reent.o)
 .debug_frame   0x000053bc       0x2c C:/ST/STM32CubeIDE_1.15.1/STM32CubeIDE/plugins/com.st.stm32cube.ide.mcu.externaltools.gnu-tools-for-stm32.12.3.rel1.win32_1.0.100.202403111256/tools/bin/../lib/gcc/arm-none-eabi/12.3.1/../../../../arm-none-eabi/lib/thumb/v7-m/nofp\libc_nano.a(libc_a-init.o)
 .debug_frame   0x000053e8       0xb0 C:/ST/STM32CubeIDE_1.15.1/STM32CubeIDE/plugins/com.st.stm32cube.ide.mcu.externaltools.gnu-tools-for-stm32.12.3.rel1.win32_1.0.100.202403111256/tools/bin/../lib/gcc/arm-none-eabi/12.3.1/../../../../arm-none-eabi/lib/thumb/v7-m/nofp\libc_nano.a(libc_a-lock.o)
 .debug_frame   0x00005498       0x28 C:/ST/STM32CubeIDE_1.15.1/STM32CubeIDE/plugins/com.st.stm32cube.ide.mcu.externaltools.gnu-tools-for-stm32.12.3.rel1.win32_1.0.100.202403111256/tools/bin/../lib/gcc/arm-none-eabi/12.3.1/../../../../arm-none-eabi/lib/thumb/v7-m/nofp\libc_nano.a(libc_a-memcpy-stub.o)