../Core/Src/main.c:107:5:main	128	static
../Core/Src/main.c:199:6:SystemClock_Config	88	static
../Core/Src/main.c:245:13:MX_NVIC_Init	8	static
../Core/Src/main.c:269:13:MX_ADC1_Init	24	static
../Core/Src/main.c:316:13:MX_USART1_UART_Init	8	static
../Core/Src/main.c:349:13:MX_GPIO_Init	40	static
../Core/Src/main.c:384:6:HAL_ADC_ConvCpltCallback	40	static
../Core/Src/main.c:404:6:HAL_UART_RxCpltCallback	16	static,ignoring_inline_asm
../Core/Src/main.c:474:6:StartDefaultTask	16	static
../Core/Src/main.c:497:6:fnTask_MngLED	16	static
../Core/Src/main.c:543:6:fn_TaskDisplay	16	static
../Core/Src/main.c:616:6:fn_Task_Varrer	16	static
../Core/Src/main.c:699:6:HAL_TIM_PeriodElapsedCallback	16	static
../Core/Src/main.c:758:6:Error_Handler	4	static,ignoring_inline_asm
