../Core/Src/main.c:108:5:main	128	static
../Core/Src/main.c:200:6:SystemClock_Config	88	static
../Core/Src/main.c:246:13:MX_NVIC_Init	8	static
../Core/Src/main.c:270:13:MX_ADC1_Init	24	static
../Core/Src/main.c:317:13:MX_USART1_UART_Init	8	static
../Core/Src/main.c:350:13:MX_GPIO_Init	40	static
../Core/Src/main.c:385:6:HAL_ADC_ConvCpltCallback	40	static
../Core/Src/main.c:405:6:HAL_UART_RxCpltCallback	16	static,ignoring_inline_asm
../Core/Src/main.c:502:6:StartDefaultTask	16	static
../Core/Src/main.c:525:6:fnTask_MngLED	16	static
../Core/Src/main.c:571:6:fn_TaskDisplay	16	static
../Core/Src/main.c:650:6:fn_Task_Varrer	16	static
../Core/Src/main.c:733:6:HAL_TIM_PeriodElapsedCallback	16	static
../Core/Src/main.c:792:6:Error_Handler	4	static,ignoring_inline_asm
