../Core/Src/stm32f1xx_it.c:85:6:NMI_Handler	4	static
../Core/Src/stm32f1xx_it.c:100:6:HardFault_Handler	4	static
../Core/Src/stm32f1xx_it.c:115:6:MemManage_Handler	4	static
../Core/Src/stm32f1xx_it.c:130:6:BusFault_Handler	4	static
../Core/Src/stm32f1xx_it.c:145:6:UsageFault_Handler	4	static
../Core/Src/stm32f1xx_it.c:160:6:DebugMon_Handler	4	static
../Core/Src/stm32f1xx_it.c:180:6:EXTI1_IRQHandler	8	static
../Core/Src/stm32f1xx_it.c:211:6:EXTI2_IRQHandler	8	static
../Core/Src/stm32f1xx_it.c:239:6:EXTI3_IRQHandler	8	static
../Core/Src/stm32f1xx_it.c:265:6:ADC1_2_IRQHandler	8	static
../Core/Src/stm32f1xx_it.c:279:6:TIM4_IRQHandler	8	static
../Core/Src/stm32f1xx_it.c:293:6:USART1_IRQHandler	8	static
../Core/Src/stm32f1xx_it.c:305:6:insert_into_Q	16	static,ignoring_inline_asm
