../Core/Src/stm32f1xx_it.c:81:6:NMI_Handler	4	static
../Core/Src/stm32f1xx_it.c:96:6:HardFault_Handler	4	static
../Core/Src/stm32f1xx_it.c:111:6:MemManage_Handler	4	static
../Core/Src/stm32f1xx_it.c:126:6:BusFault_Handler	4	static
../Core/Src/stm32f1xx_it.c:141:6:UsageFault_Handler	4	static
../Core/Src/stm32f1xx_it.c:156:6:DebugMon_Handler	4	static
../Core/Src/stm32f1xx_it.c:176:6:EXTI1_IRQHandler	8	static
../Core/Src/stm32f1xx_it.c:207:6:EXTI2_IRQHandler	8	static
../Core/Src/stm32f1xx_it.c:233:6:EXTI3_IRQHandler	8	static
../Core/Src/stm32f1xx_it.c:258:6:ADC1_2_IRQHandler	8	static
../Core/Src/stm32f1xx_it.c:272:6:TIM4_IRQHandler	8	static
../Core/Src/stm32f1xx_it.c:286:6:USART1_IRQHandler	8	static
